Archive member included to satisfy reference by file (symbol)

k:/intelfpga/18.1/nios2eds/bin/gnu/h-x86_64-mingw32/bin/../lib/gcc/nios2-elf/5.3.0/../../../../../H-x86_64-mingw32/nios2-elf/lib\libc.a(lib_a-puts.o)
                              obj/default/main.o (puts)
k:/intelfpga/18.1/nios2eds/bin/gnu/h-x86_64-mingw32/bin/../lib/gcc/nios2-elf/5.3.0/../../../../../H-x86_64-mingw32/nios2-elf/lib\libc.a(lib_a-strlen.o)
                              k:/intelfpga/18.1/nios2eds/bin/gnu/h-x86_64-mingw32/bin/../lib/gcc/nios2-elf/5.3.0/../../../../../H-x86_64-mingw32/nios2-elf/lib\libc.a(lib_a-puts.o) (strlen)
k:/intelfpga/18.1/nios2eds/bin/gnu/h-x86_64-mingw32/bin/../lib/gcc/nios2-elf/5.3.0/../../../../../H-x86_64-mingw32/nios2-elf/lib\libc.a(lib_a-findfp.o)
                              k:/intelfpga/18.1/nios2eds/bin/gnu/h-x86_64-mingw32/bin/../lib/gcc/nios2-elf/5.3.0/../../../../../H-x86_64-mingw32/nios2-elf/lib\libc.a(lib_a-puts.o) (__sinit)
k:/intelfpga/18.1/nios2eds/bin/gnu/h-x86_64-mingw32/bin/../lib/gcc/nios2-elf/5.3.0/../../../../../H-x86_64-mingw32/nios2-elf/lib\libc.a(lib_a-fvwrite.o)
                              k:/intelfpga/18.1/nios2eds/bin/gnu/h-x86_64-mingw32/bin/../lib/gcc/nios2-elf/5.3.0/../../../../../H-x86_64-mingw32/nios2-elf/lib\libc.a(lib_a-puts.o) (__sfvwrite_r)
k:/intelfpga/18.1/nios2eds/bin/gnu/h-x86_64-mingw32/bin/../lib/gcc/nios2-elf/5.3.0/../../../../../H-x86_64-mingw32/nios2-elf/lib\libc.a(lib_a-fwalk.o)
                              k:/intelfpga/18.1/nios2eds/bin/gnu/h-x86_64-mingw32/bin/../lib/gcc/nios2-elf/5.3.0/../../../../../H-x86_64-mingw32/nios2-elf/lib\libc.a(lib_a-findfp.o) (_fwalk)
k:/intelfpga/18.1/nios2eds/bin/gnu/h-x86_64-mingw32/bin/../lib/gcc/nios2-elf/5.3.0/../../../../../H-x86_64-mingw32/nios2-elf/lib\libc.a(lib_a-impure.o)
                              k:/intelfpga/18.1/nios2eds/bin/gnu/h-x86_64-mingw32/bin/../lib/gcc/nios2-elf/5.3.0/../../../../../H-x86_64-mingw32/nios2-elf/lib\libc.a(lib_a-findfp.o) (_global_impure_ptr)
k:/intelfpga/18.1/nios2eds/bin/gnu/h-x86_64-mingw32/bin/../lib/gcc/nios2-elf/5.3.0/../../../../../H-x86_64-mingw32/nios2-elf/lib\libc.a(lib_a-mallocr.o)
                              k:/intelfpga/18.1/nios2eds/bin/gnu/h-x86_64-mingw32/bin/../lib/gcc/nios2-elf/5.3.0/../../../../../H-x86_64-mingw32/nios2-elf/lib\libc.a(lib_a-findfp.o) (_malloc_r)
k:/intelfpga/18.1/nios2eds/bin/gnu/h-x86_64-mingw32/bin/../lib/gcc/nios2-elf/5.3.0/../../../../../H-x86_64-mingw32/nios2-elf/lib\libc.a(lib_a-memchr.o)
                              k:/intelfpga/18.1/nios2eds/bin/gnu/h-x86_64-mingw32/bin/../lib/gcc/nios2-elf/5.3.0/../../../../../H-x86_64-mingw32/nios2-elf/lib\libc.a(lib_a-fvwrite.o) (memchr)
k:/intelfpga/18.1/nios2eds/bin/gnu/h-x86_64-mingw32/bin/../lib/gcc/nios2-elf/5.3.0/../../../../../H-x86_64-mingw32/nios2-elf/lib\libc.a(lib_a-memcpy.o)
                              k:/intelfpga/18.1/nios2eds/bin/gnu/h-x86_64-mingw32/bin/../lib/gcc/nios2-elf/5.3.0/../../../../../H-x86_64-mingw32/nios2-elf/lib\libc.a(lib_a-fvwrite.o) (memcpy)
k:/intelfpga/18.1/nios2eds/bin/gnu/h-x86_64-mingw32/bin/../lib/gcc/nios2-elf/5.3.0/../../../../../H-x86_64-mingw32/nios2-elf/lib\libc.a(lib_a-memmove.o)
                              k:/intelfpga/18.1/nios2eds/bin/gnu/h-x86_64-mingw32/bin/../lib/gcc/nios2-elf/5.3.0/../../../../../H-x86_64-mingw32/nios2-elf/lib\libc.a(lib_a-fvwrite.o) (memmove)
k:/intelfpga/18.1/nios2eds/bin/gnu/h-x86_64-mingw32/bin/../lib/gcc/nios2-elf/5.3.0/../../../../../H-x86_64-mingw32/nios2-elf/lib\libc.a(lib_a-memset.o)
                              k:/intelfpga/18.1/nios2eds/bin/gnu/h-x86_64-mingw32/bin/../lib/gcc/nios2-elf/5.3.0/../../../../../H-x86_64-mingw32/nios2-elf/lib\libc.a(lib_a-findfp.o) (memset)
k:/intelfpga/18.1/nios2eds/bin/gnu/h-x86_64-mingw32/bin/../lib/gcc/nios2-elf/5.3.0/../../../../../H-x86_64-mingw32/nios2-elf/lib\libc.a(lib_a-reallocr.o)
                              k:/intelfpga/18.1/nios2eds/bin/gnu/h-x86_64-mingw32/bin/../lib/gcc/nios2-elf/5.3.0/../../../../../H-x86_64-mingw32/nios2-elf/lib\libc.a(lib_a-fvwrite.o) (_realloc_r)
k:/intelfpga/18.1/nios2eds/bin/gnu/h-x86_64-mingw32/bin/../lib/gcc/nios2-elf/5.3.0/../../../../../H-x86_64-mingw32/nios2-elf/lib\libc.a(lib_a-sbrkr.o)
                              k:/intelfpga/18.1/nios2eds/bin/gnu/h-x86_64-mingw32/bin/../lib/gcc/nios2-elf/5.3.0/../../../../../H-x86_64-mingw32/nios2-elf/lib\libc.a(lib_a-mallocr.o) (_sbrk_r)
k:/intelfpga/18.1/nios2eds/bin/gnu/h-x86_64-mingw32/bin/../lib/gcc/nios2-elf/5.3.0/../../../../../H-x86_64-mingw32/nios2-elf/lib\libc.a(lib_a-stdio.o)
                              k:/intelfpga/18.1/nios2eds/bin/gnu/h-x86_64-mingw32/bin/../lib/gcc/nios2-elf/5.3.0/../../../../../H-x86_64-mingw32/nios2-elf/lib\libc.a(lib_a-findfp.o) (__sread)
k:/intelfpga/18.1/nios2eds/bin/gnu/h-x86_64-mingw32/bin/../lib/gcc/nios2-elf/5.3.0/../../../../../H-x86_64-mingw32/nios2-elf/lib\libc.a(lib_a-writer.o)
[...]
Memory Configuration

Name             Origin             Length             Attributes
reset            0x0000000001020000 0x0000000000000020
onchip_memory2   0x0000000001020020 0x000000000001d4a0
*default*        0x0000000000000000 0xffffffffffffffff

Linker script and memory map

LOAD ../WS2812_Test_bsp//obj/HAL/src/crt0.o
LOAD obj/default/main.o
LOAD k:/intelfpga/18.1/nios2eds/bin/gnu/h-x86_64-mingw32/bin/../lib/gcc/nios2-elf/5.3.0/../../../../../H-x86_64-mingw32/nios2-elf/lib\libstdc++.a
LOAD k:/intelfpga/18.1/nios2eds/bin/gnu/h-x86_64-mingw32/bin/../lib/gcc/nios2-elf/5.3.0/../../../../../H-x86_64-mingw32/nios2-elf/lib\libm.a
LOAD k:/intelfpga/18.1/nios2eds/bin/gnu/h-x86_64-mingw32/bin/../lib/gcc/nios2-elf/5.3.0\libgcc.a
START GROUP
LOAD k:/intelfpga/18.1/nios2eds/bin/gnu/h-x86_64-mingw32/bin/../lib/gcc/nios2-elf/5.3.0/../../../../../H-x86_64-mingw32/nios2-elf/lib\libc.a
LOAD k:/intelfpga/18.1/nios2eds/bin/gnu/h-x86_64-mingw32/bin/../lib/gcc/nios2-elf/5.3.0\libgcc.a
LOAD ../WS2812_Test_bsp/\libhal_bsp.a
LOAD k:/intelfpga/18.1/nios2eds/bin/gnu/h-x86_64-mingw32/bin/../lib/gcc/nios2-elf/5.3.0/../../../../../H-x86_64-mingw32/nios2-elf/lib\libm.a
END GROUP
LOAD k:/intelfpga/18.1/nios2eds/bin/gnu/h-x86_64-mingw32/bin/../lib/gcc/nios2-elf/5.3.0\libgcc.a
                0x0000000001020000                __alt_mem_onchip_memory2 = 0x1020000

.entry          0x0000000001020000       0x20
 *(.entry)
 .entry         0x0000000001020000       0x20 ../WS2812_Test_bsp//obj/HAL/src/crt0.o
                0x0000000001020000                __reset

.exceptions     0x0000000001020020      0x224
                0x0000000001020020                PROVIDE (__ram_exceptions_start, ABSOLUTE (.))
                0x0000000001020020                . = ALIGN (0x20)
 *(.irq)
 *(.exceptions.entry.label)
 .exceptions.entry.label
                0x0000000001020020        0x0 ../WS2812_Test_bsp/\libhal_bsp.a(alt_irq_entry.o)
                0x0000000001020020                alt_irq_entry
 .exceptions.entry.label
                0x0000000001020020        0x0 ../WS2812_Test_bsp/\libhal_bsp.a(alt_exception_entry.o)
                0x0000000001020020                alt_exception
 *(.exceptions.entry.user)
 *(.exceptions.entry.ecc_fatal)
 *(.exceptions.entry)
 .exceptions.entry
                0x0000000001020020       0x54 ../WS2812_Test_bsp/\libhal_bsp.a(alt_exception_entry.o)
 *(.exceptions.irqtest.user)
 *(.exceptions.irqtest)
 .exceptions.irqtest
                0x0000000001020074       0x10 ../WS2812_Test_bsp/\libhal_bsp.a(alt_irq_entry.o)
 *(.exceptions.irqhandler.user)
 *(.exceptions.irqhandler)
 .exceptions.irqhandler
                0x0000000001020084        0x4 ../WS2812_Test_bsp/\libhal_bsp.a(alt_irq_entry.o)
 *(.exceptions.irqreturn.user)
 *(.exceptions.irqreturn)
 .exceptions.irqreturn
                0x0000000001020088        0x4 ../WS2812_Test_bsp/\libhal_bsp.a(alt_irq_entry.o)
 *(.exceptions.notirq.label)
 .exceptions.notirq.label
                0x000000000102008c        0x0 ../WS2812_Test_bsp/\libhal_bsp.a(alt_irq_entry.o)
 *(.exceptions.notirq.user)
 *(.exceptions.notirq)
 .exceptions.notirq
                0x000000000102008c        0x8 ../WS2812_Test_bsp/\libhal_bsp.a(alt_exception_entry.o)
 *(.exceptions.soft.user)
 *(.exceptions.soft)
 *(.exceptions.unknown.user)
 *(.exceptions.unknown)
 .exceptions.unknown
                0x0000000001020094       0x14 ../WS2812_Test_bsp/\libhal_bsp.a(alt_exception_entry.o)
 *(.exceptions.exit.label)
 .exceptions.exit.label
                0x00000000010200a8        0x0 ../WS2812_Test_bsp/\libhal_bsp.a(alt_irq_entry.o)
 .exceptions.exit.label
                0x00000000010200a8        0x0 ../WS2812_Test_bsp/\libhal_bsp.a(alt_exception_entry.o)
 *(.exceptions.exit.user)
 *(.exceptions.exit)
 .exceptions.exit
                0x00000000010200a8       0x54 ../WS2812_Test_bsp/\libhal_bsp.a(alt_exception_entry.o)
 *(.exceptions)
 .exceptions    0x00000000010200fc       0xd4 ../WS2812_Test_bsp/\libhal_bsp.a(alt_irq_handler.o)
                0x00000000010200fc                alt_irq_handler
 .exceptions    0x00000000010201d0       0x74 ../WS2812_Test_bsp/\libhal_bsp.a(alt_instruction_exception_entry.o)
                0x00000000010201d0                alt_instruction_exception_entry
                0x0000000001020244                PROVIDE (__ram_exceptions_end, ABSOLUTE (.))
                0x0000000001020020                PROVIDE (__flash_exceptions_start, LOADADDR (.exceptions))

.text           0x0000000001020244     0x5ab0
                [!provide]                        PROVIDE (stext, ABSOLUTE (.))
 *(.interp)
 *(.hash)
 *(.dynsym)
 *(.dynstr)
 *(.gnu.version)
 *(.gnu.version_d)
 *(.gnu.version_r)
 *(.rel.init)
 *(.rela.init)
 *(.rel.text .rel.text.* .rel.gnu.linkonce.t.*)
 *(.rela.text .rela.text.* .rela.gnu.linkonce.t.*)
 *(.rel.fini)
 *(.rela.fini)
 *(.rel.rodata .rel.rodata.* .rel.gnu.linkonce.r.*)
 *(.rela.rodata .rela.rodata.* .rela.gnu.linkonce.r.*)
 *(.rel.data .rel.data.* .rel.gnu.linkonce.d.*)
 *(.rela.data .rela.data.* .rela.gnu.linkonce.d.*)
 *(.rel.tdata .rel.tdata.* .rel.gnu.linkonce.td.*)
 *(.rela.tdata .rela.tdata.* .rela.gnu.linkonce.td.*)
 *(.rel.tbss .rel.tbss.* .rel.gnu.linkonce.tb.*)
 *(.rela.tbss .rela.tbss.* .rela.gnu.linkonce.tb.*)
 *(.rel.ctors)
 *(.rela.ctors)
 *(.rel.dtors)
 *(.rela.dtors)
 *(.rel.got)
 *(.rela.got)
 *(.rel.sdata .rel.sdata.* .rel.gnu.linkonce.s.*)
 *(.rela.sdata .rela.sdata.* .rela.gnu.linkonce.s.*)
 *(.rel.sbss .rel.sbss.* .rel.gnu.linkonce.sb.*)
 *(.rela.sbss .rela.sbss.* .rela.gnu.linkonce.sb.*)
 *(.rel.sdata2 .rel.sdata2.* .rel.gnu.linkonce.s2.*)
 *(.rela.sdata2 .rela.sdata2.* .rela.gnu.linkonce.s2.*)
 *(.rel.sbss2 .rel.sbss2.* .rel.gnu.linkonce.sb2.*)
 *(.rela.sbss2 .rela.sbss2.* .rela.gnu.linkonce.sb2.*)
 *(.rel.bss .rel.bss.* .rel.gnu.linkonce.b.*)
 *(.rela.bss .rela.bss.* .rela.gnu.linkonce.b.*)
 *(.rel.plt)
 *(.rela.plt)
 *(.rel.dyn)
 *(.init)
 *(.plt)
 *(.text .stub .text.* .gnu.linkonce.t.*)
 .text          0x0000000001020244       0x4c ../WS2812_Test_bsp//obj/HAL/src/crt0.o
                0x0000000001020244                _start
 .text          0x0000000001020290      0x368 obj/default/main.o
                0x0000000001020290                WS2812_update
                0x00000000010202f4                WS2812_All_off
                0x0000000001020370                WS2812_All_on
                0x00000000010203ec                WS2812_LED_SET
                0x0000000001020468                WS2812_LED_SET_ALL
                0x0000000001020508                main
 .text          0x00000000010205f8        0x0 k:/intelfpga/18.1/nios2eds/bin/gnu/h-x86_64-mingw32/bin/../lib/gcc/nios2-elf/5.3.0/../../../../../H-x86_64-mingw32/nios2-elf/lib\libc.a(lib_a-puts.o)
 .text._puts_r  0x00000000010205f8       0xc0 k:/intelfpga/18.1/nios2eds/bin/gnu/h-x86_64-mingw32/bin/../lib/gcc/nios2-elf/5.3.0/../../../../../H-x86_64-mingw32/nios2-elf/lib\libc.a(lib_a-puts.o)
                0x00000000010205f8                _puts_r
 .text.puts     0x00000000010206b8       0x14 k:/intelfpga/18.1/nios2eds/bin/gnu/h-x86_64-mingw32/bin/../lib/gcc/nios2-elf/5.3.0/../../../../../H-x86_64-mingw32/nios2-elf/lib\libc.a(lib_a-puts.o)
                0x00000000010206b8                puts
 .text          0x00000000010206cc        0x0 k:/intelfpga/18.1/nios2eds/bin/gnu/h-x86_64-mingw32/bin/../lib/gcc/nios2-elf/5.3.0/../../../../../H-x86_64-mingw32/nios2-elf/lib\libc.a(lib_a-strlen.o)
 .text.strlen   0x00000000010206cc       0x98 k:/intelfpga/18.1/nios2eds/bin/gnu/h-x86_64-mingw32/bin/../lib/gcc/nios2-elf/5.3.0/../../../../../H-x86_64-mingw32/nios2-elf/lib\libc.a(lib_a-strlen.o)
                0x00000000010206cc                strlen
 .text          0x0000000001020764        0x0 k:/intelfpga/18.1/nios2eds/bin/gnu/h-x86_64-mingw32/bin/../lib/gcc/nios2-elf/5.3.0/../../../../../H-x86_64-mingw32/nios2-elf/lib\libc.a(lib_a-findfp.o)
 .text.__fp_unlock
                0x0000000001020764        0x8 k:/intelfpga/18.1/nios2eds/bin/gnu/h-x86_64-mingw32/bin/../lib/gcc/nios2-elf/5.3.0/../../../../../H-x86_64-mingw32/nios2-elf/lib\libc.a(lib_a-findfp.o)
 .text._cleanup_r
                0x000000000102076c        0xc k:/intelfpga/18.1/nios2eds/bin/gnu/h-x86_64-mingw32/bin/../lib/gcc/nios2-elf/5.3.0/../../../../../H-x86_64-mingw32/nios2-elf/lib\libc.a(lib_a-findfp.o)
                0x000000000102076c                _cleanup_r
 .text.__sinit.part.1
                0x0000000001020778      0x19c k:/intelfpga/18.1/nios2eds/bin/gnu/h-x86_64-mingw32/bin/../lib/gcc/nios2-elf/5.3.0/../../../../../H-x86_64-mingw32/nios2-elf/lib\libc.a(lib_a-findfp.o)
 .text.__fp_lock
                0x0000000001020914        0x8 k:/intelfpga/18.1/nios2eds/bin/gnu/h-x86_64-mingw32/bin/../lib/gcc/nios2-elf/5.3.0/../../../../../H-x86_64-mingw32/nios2-elf/lib\libc.a(lib_a-findfp.o)
 .text.__sfmoreglue
                0x000000000102091c       0x68 k:/intelfpga/18.1/nios2eds/bin/gnu/h-x86_64-mingw32/bin/../lib/gcc/nios2-elf/5.3.0/../../../../../H-x86_64-mingw32/nios2-elf/lib\libc.a(lib_a-findfp.o)
                0x000000000102091c                __sfmoreglue
 .text.__sfp    0x0000000001020984      0x118 k:/intelfpga/18.1/nios2eds/bin/gnu/h-x86_64-mingw32/bin/../lib/gcc/nios2-elf/5.3.0/../../../../../H-x86_64-mingw32/nios2-elf/lib\libc.a(lib_a-findfp.o)
                0x0000000001020984                __sfp
 .text._cleanup
                0x0000000001020a9c       0x18 k:/intelfpga/18.1/nios2eds/bin/gnu/h-x86_64-mingw32/bin/../lib/gcc/nios2-elf/5.3.0/../../../../../H-x86_64-mingw32/nios2-elf/lib\libc.a(lib_a-findfp.o)
                0x0000000001020a9c                _cleanup
 .text.__sinit  0x0000000001020ab4       0x10 k:/intelfpga/18.1/nios2eds/bin/gnu/h-x86_64-mingw32/bin/../lib/gcc/nios2-elf/5.3.0/../../../../../H-x86_64-mingw32/nios2-elf/lib\libc.a(lib_a-findfp.o)
                0x0000000001020ab4                __sinit
 .text.__sfp_lock_acquire
                0x0000000001020ac4        0x4 k:/intelfpga/18.1/nios2eds/bin/gnu/h-x86_64-mingw32/bin/../lib/gcc/nios2-elf/5.3.0/../../../../../H-x86_64-mingw32/nios2-elf/lib\libc.a(lib_a-findfp.o)
                0x0000000001020ac4                __sfp_lock_acquire
 .text.__sfp_lock_release
                0x0000000001020ac8        0x4 k:/intelfpga/18.1/nios2eds/bin/gnu/h-x86_64-mingw32/bin/../lib/gcc/nios2-elf/5.3.0/../../../../../H-x86_64-mingw32/nios2-elf/lib\libc.a(lib_a-findfp.o)
                0x0000000001020ac8                __sfp_lock_release
 .text.__sinit_lock_acquire
                0x0000000001020acc        0x4 k:/intelfpga/18.1/nios2eds/bin/gnu/h-x86_64-mingw32/bin/../lib/gcc/nios2-elf/5.3.0/../../../../../H-x86_64-mingw32/nios2-elf/lib\libc.a(lib_a-findfp.o)
                0x0000000001020acc                __sinit_lock_acquire
 .text.__sinit_lock_release
                0x0000000001020ad0        0x4 k:/intelfpga/18.1/nios2eds/bin/gnu/h-x86_64-mingw32/bin/../lib/gcc/nios2-elf/5.3.0/../../../../../H-x86_64-mingw32/nios2-elf/lib\libc.a(lib_a-findfp.o)
                0x0000000001020ad0                __sinit_lock_release
 .text.__fp_lock_all
                0x0000000001020ad4       0x18 k:/intelfpga/18.1/nios2eds/bin/gnu/h-x86_64-mingw32/bin/../lib/gcc/nios2-elf/5.3.0/../../../../../H-x86_64-mingw32/nios2-elf/lib\libc.a(lib_a-findfp.o)
                0x0000000001020ad4                __fp_lock_all
 .text.__fp_unlock_all
                0x0000000001020aec       0x18 k:/intelfpga/18.1/nios2eds/bin/gnu/h-x86_64-mingw32/bin/../lib/gcc/nios2-elf/5.3.0/../../../../../H-x86_64-mingw32/nios2-elf/lib\libc.a(lib_a-findfp.o)
                0x0000000001020aec                __fp_unlock_all
 .text          0x0000000001020b04        0x0 k:/intelfpga/18.1/nios2eds/bin/gnu/h-x86_64-mingw32/bin/../lib/gcc/nios2-elf/5.3.0/../../../../../H-x86_64-mingw32/nios2-elf/lib\libc.a(lib_a-fvwrite.o)
 .text.__sfvwrite_r
                0x0000000001020b04      0x4bc k:/intelfpga/18.1/nios2eds/bin/gnu/h-x86_64-mingw32/bin/../lib/gcc/nios2-elf/5.3.0/../../../../../H-x86_64-mingw32/nios2-elf/lib\libc.a(lib_a-fvwrite.o)
                0x0000000001020b04                __sfvwrite_r
 .text          0x0000000001020fc0        0x0 k:/intelfpga/18.1/nios2eds/bin/gnu/h-x86_64-mingw32/bin/../lib/gcc/nios2-elf/5.3.0/../../../../../H-x86_64-mingw32/nios2-elf/lib\libc.a(lib_a-fwalk.o)
 .text._fwalk   0x0000000001020fc0       0xc4 k:/intelfpga/18.1/nios2eds/bin/gnu/h-x86_64-mingw32/bin/../lib/gcc/nios2-elf/5.3.0/../../../../../H-x86_64-mingw32/nios2-elf/lib\libc.a(lib_a-fwalk.o)
                0x0000000001020fc0                _fwalk
 .text._fwalk_reent
                0x0000000001021084       0xc4 k:/intelfpga/18.1/nios2eds/bin/gnu/h-x86_64-mingw32/bin/../lib/gcc/nios2-elf/5.3.0/../../../../../H-x86_64-mingw32/nios2-elf/lib\libc.a(lib_a-fwalk.o)
                0x0000000001021084                _fwalk_reent
 .text          0x0000000001021148        0x0 k:/intelfpga/18.1/nios2eds/bin/gnu/h-x86_64-mingw32/bin/../lib/gcc/nios2-elf/5.3.0/../../../../../H-x86_64-mingw32/nios2-elf/lib\libc.a(lib_a-impure.o)
 .text          0x0000000001021148        0x0 k:/intelfpga/18.1/nios2eds/bin/gnu/h-x86_64-mingw32/bin/../lib/gcc/nios2-elf/5.3.0/../../../../../H-x86_64-mingw32/nios2-elf/lib\libc.a(lib_a-mallocr.o)
 .text._malloc_r
                0x0000000001021148      0x80c k:/intelfpga/18.1/nios2eds/bin/gnu/h-x86_64-mingw32/bin/../lib/gcc/nios2-elf/5.3.0/../../../../../H-x86_64-mingw32/nios2-elf/lib\libc.a(lib_a-mallocr.o)
                0x0000000001021148                _malloc_r
 .text          0x0000000001021954        0x0 k:/intelfpga/18.1/nios2eds/bin/gnu/h-x86_64-mingw32/bin/../lib/gcc/nios2-elf/5.3.0/../../../../../H-x86_64-mingw32/nios2-elf/lib\libc.a(lib_a-memchr.o)
 .text.memchr   0x0000000001021954       0xe4 k:/intelfpga/18.1/nios2eds/bin/gnu/h-x86_64-mingw32/bin/../lib/gcc/nios2-elf/5.3.0/../../../../../H-x86_64-mingw32/nios2-elf/lib\libc.a(lib_a-memchr.o)
                0x0000000001021954                memchr
 .text          0x0000000001021a38        0x0 k:/intelfpga/18.1/nios2eds/bin/gnu/h-x86_64-mingw32/bin/../lib/gcc/nios2-elf/5.3.0/../../../../../H-x86_64-mingw32/nios2-elf/lib\libc.a(lib_a-memcpy.o)
 .text.memcpy   0x0000000001021a38      0x148 k:/intelfpga/18.1/nios2eds/bin/gnu/h-x86_64-mingw32/bin/../lib/gcc/nios2-elf/5.3.0/../../../../../H-x86_64-mingw32/nios2-elf/lib\libc.a(lib_a-memcpy.o)
                0x0000000001021a38                memcpy
 .text          0x0000000001021b80        0x0 k:/intelfpga/18.1/nios2eds/bin/gnu/h-x86_64-mingw32/bin/../lib/gcc/nios2-elf/5.3.0/../../../../../H-x86_64-mingw32/nios2-elf/lib\libc.a(lib_a-memmove.o)
 .text.memmove  0x0000000001021b80      0x15c k:/intelfpga/18.1/nios2eds/bin/gnu/h-x86_64-mingw32/bin/../lib/gcc/nios2-elf/5.3.0/../../../../../H-x86_64-mingw32/nios2-elf/lib\libc.a(lib_a-memmove.o)
                0x0000000001021b80                memmove
 .text          0x0000000001021cdc        0x0 k:/intelfpga/18.1/nios2eds/bin/gnu/h-x86_64-mingw32/bin/../lib/gcc/nios2-elf/5.3.0/../../../../../H-x86_64-mingw32/nios2-elf/lib\libc.a(lib_a-memset.o)
 .text.memset   0x0000000001021cdc      0x128 k:/intelfpga/18.1/nios2eds/bin/gnu/h-x86_64-mingw32/bin/../lib/gcc/nios2-elf/5.3.0/../../../../../H-x86_64-mingw32/nios2-elf/lib\libc.a(lib_a-memset.o)
                0x0000000001021cdc                memset
 .text          0x0000000001021e04        0x0 k:/intelfpga/18.1/nios2eds/bin/gnu/h-x86_64-mingw32/bin/../lib/gcc/nios2-elf/5.3.0/../../../../../H-x86_64-mingw32/nios2-elf/lib\libc.a(lib_a-reallocr.o)
 .text._realloc_r
                0x0000000001021e04      0x564 k:/intelfpga/18.1/nios2eds/bin/gnu/h-x86_64-mingw32/bin/../lib/gcc/nios2-elf/5.3.0/../../../../../H-x86_64-mingw32/nios2-elf/lib\libc.a(lib_a-reallocr.o)
                0x0000000001021e04                _realloc_r
 .text          0x0000000001022368        0x0 k:/intelfpga/18.1/nios2eds/bin/gnu/h-x86_64-mingw32/bin/../lib/gcc/nios2-elf/5.3.0/../../../../../H-x86_64-mingw32/nios2-elf/lib\libc.a(lib_a-sbrkr.o)
 .text._sbrk_r  0x0000000001022368       0x54 k:/intelfpga/18.1/nios2eds/bin/gnu/h-x86_64-mingw32/bin/../lib/gcc/nios2-elf/5.3.0/../../../../../H-x86_64-mingw32/nios2-elf/lib\libc.a(lib_a-sbrkr.o)
                0x0000000001022368                _sbrk_r
 .text          0x00000000010223bc        0x0 k:/intelfpga/18.1/nios2eds/bin/gnu/h-x86_64-mingw32/bin/../lib/gcc/nios2-elf/5.3.0/../../../../../H-x86_64-mingw32/nios2-elf/lib\libc.a(lib_a-stdio.o)
 .text.__sread  0x00000000010223bc       0x54 k:/intelfpga/18.1/nios2eds/bin/gnu/h-x86_64-mingw32/bin/../lib/gcc/nios2-elf/5.3.0/../../../../../H-x86_64-mingw32/nios2-elf/lib\libc.a(lib_a-stdio.o)
                0x00000000010223bc                __sread
 .text.__seofread
                0x0000000001022410        0x8 k:/intelfpga/18.1/nios2eds/bin/gnu/h-x86_64-mingw32/bin/../lib/gcc/nios2-elf/5.3.0/../../../../../H-x86_64-mingw32/nios2-elf/lib\libc.a(lib_a-stdio.o)
                0x0000000001022410                __seofread
 .text.__swrite
                0x0000000001022418       0x7c k:/intelfpga/18.1/nios2eds/bin/gnu/h-x86_64-mingw32/bin/../lib/gcc/nios2-elf/5.3.0/../../../../../H-x86_64-mingw32/nios2-elf/lib\libc.a(lib_a-stdio.o)
                0x0000000001022418                __swrite
 .text.__sseek  0x0000000001022494       0x5c k:/intelfpga/18.1/nios2eds/bin/gnu/h-x86_64-mingw32/bin/../lib/gcc/nios2-elf/5.3.0/../../../../../H-x86_64-mingw32/nios2-elf/lib\libc.a(lib_a-stdio.o)
                0x0000000001022494                __sseek
 .text.__sclose
                0x00000000010224f0        0x8 k:/intelfpga/18.1/nios2eds/bin/gnu/h-x86_64-mingw32/bin/../lib/gcc/nios2-elf/5.3.0/../../../../../H-x86_64-mingw32/nios2-elf/lib\libc.a(lib_a-stdio.o)
                0x00000000010224f0                __sclose
 .text          0x00000000010224f8        0x0 k:/intelfpga/18.1/nios2eds/bin/gnu/h-x86_64-mingw32/bin/../lib/gcc/nios2-elf/5.3.0/../../../../../H-x86_64-mingw32/nios2-elf/lib\libc.a(lib_a-writer.o)
 .text._write_r
                0x00000000010224f8       0x60 k:/intelfpga/18.1/nios2eds/bin/gnu/h-x86_64-mingw32/bin/../lib/gcc/nios2-elf/5.3.0/../../../../../H-x86_64-mingw32/nios2-elf/lib\libc.a(lib_a-writer.o)
                0x00000000010224f8                _write_r
 .text          0x0000000001022558        0x0 k:/intelfpga/18.1/nios2eds/bin/gnu/h-x86_64-mingw32/bin/../lib/gcc/nios2-elf/5.3.0/../../../../../H-x86_64-mingw32/nios2-elf/lib\libc.a(lib_a-wsetup.o)
 .text.__swsetup_r
                0x0000000001022558      0x154 k:/intelfpga/18.1/nios2eds/bin/gnu/h-x86_64-mingw32/bin/../lib/gcc/nios2-elf/5.3.0/../../../../../H-x86_64-mingw32/nios2-elf/lib\libc.a(lib_a-wsetup.o)
                0x0000000001022558                __swsetup_r
 .text          0x00000000010226ac        0x0 k:/intelfpga/18.1/nios2eds/bin/gnu/h-x86_64-mingw32/bin/../lib/gcc/nios2-elf/5.3.0/../../../../../H-x86_64-mingw32/nios2-elf/lib\libc.a(closer.o)
 .text._close_r
                0x00000000010226ac       0x54 k:/intelfpga/18.1/nios2eds/bin/gnu/h-x86_64-mingw32/bin/../lib/gcc/nios2-elf/5.3.0/../../../../../H-x86_64-mingw32/nios2-elf/lib\libc.a(closer.o)
                0x00000000010226ac                _close_r
 .text          0x0000000001022700        0x0 k:/intelfpga/18.1/nios2eds/bin/gnu/h-x86_64-mingw32/bin/../lib/gcc/nios2-elf/5.3.0/../../../../../H-x86_64-mingw32/nios2-elf/lib\libc.a(lib_a-fclose.o)
 .text._fclose_r
                0x0000000001022700       0xf0 k:/intelfpga/18.1/nios2eds/bin/gnu/h-x86_64-mingw32/bin/../lib/gcc/nios2-elf/5.3.0/../../../../../H-x86_64-mingw32/nios2-elf/lib\libc.a(lib_a-fclose.o)
                0x0000000001022700                _fclose_r
 .text.fclose   0x00000000010227f0       0x14 k:/intelfpga/18.1/nios2eds/bin/gnu/h-x86_64-mingw32/bin/../lib/gcc/nios2-elf/5.3.0/../../../../../H-x86_64-mingw32/nios2-elf/lib\libc.a(lib_a-fclose.o)
                0x00000000010227f0                fclose
 .text          0x0000000001022804        0x0 k:/intelfpga/18.1/nios2eds/bin/gnu/h-x86_64-mingw32/bin/../lib/gcc/nios2-elf/5.3.0/../../../../../H-x86_64-mingw32/nios2-elf/lib\libc.a(lib_a-fflush.o)
 .text.__sflush_r
                0x0000000001022804      0x21c k:/intelfpga/18.1/nios2eds/bin/gnu/h-x86_64-mingw32/bin/../lib/gcc/nios2-elf/5.3.0/../../../../../H-x86_64-mingw32/nios2-elf/lib\libc.a(lib_a-fflush.o)
                0x0000000001022804                __sflush_r
 .text._fflush_r
                0x0000000001022a20       0x5c k:/intelfpga/18.1/nios2eds/bin/gnu/h-x86_64-mingw32/bin/../lib/gcc/nios2-elf/5.3.0/../../../../../H-x86_64-mingw32/nios2-elf/lib\libc.a(lib_a-fflush.o)
                0x0000000001022a20                _fflush_r
 .text.fflush   0x0000000001022a7c       0x30 k:/intelfpga/18.1/nios2eds/bin/gnu/h-x86_64-mingw32/bin/../lib/gcc/nios2-elf/5.3.0/../../../../../H-x86_64-mingw32/nios2-elf/lib\libc.a(lib_a-fflush.o)
                0x0000000001022a7c                fflush
 .text          0x0000000001022aac        0x0 k:/intelfpga/18.1/nios2eds/bin/gnu/h-x86_64-mingw32/bin/../lib/gcc/nios2-elf/5.3.0/../../../../../H-x86_64-mingw32/nios2-elf/lib\libc.a(lib_a-freer.o)
 .text._malloc_trim_r
                0x0000000001022aac      0x124 k:/intelfpga/18.1/nios2eds/bin/gnu/h-x86_64-mingw32/bin/../lib/gcc/nios2-elf/5.3.0/../../../../../H-x86_64-mingw32/nios2-elf/lib\libc.a(lib_a-freer.o)
                0x0000000001022aac                _malloc_trim_r
 .text._free_r  0x0000000001022bd0      0x310 k:/intelfpga/18.1/nios2eds/bin/gnu/h-x86_64-mingw32/bin/../lib/gcc/nios2-elf/5.3.0/../../../../../H-x86_64-mingw32/nios2-elf/lib\libc.a(lib_a-freer.o)
                0x0000000001022bd0                _free_r
 .text          0x0000000001022ee0        0x0 k:/intelfpga/18.1/nios2eds/bin/gnu/h-x86_64-mingw32/bin/../lib/gcc/nios2-elf/5.3.0/../../../../../H-x86_64-mingw32/nios2-elf/lib\libc.a(lib_a-int_errno.o)
 .text          0x0000000001022ee0        0x0 k:/intelfpga/18.1/nios2eds/bin/gnu/h-x86_64-mingw32/bin/../lib/gcc/nios2-elf/5.3.0/../../../../../H-x86_64-mingw32/nios2-elf/lib\libc.a(lib_a-lseekr.o)
 .text._lseek_r
                0x0000000001022ee0       0x60 k:/intelfpga/18.1/nios2eds/bin/gnu/h-x86_64-mingw32/bin/../lib/gcc/nios2-elf/5.3.0/../../../../../H-x86_64-mingw32/nios2-elf/lib\libc.a(lib_a-lseekr.o)
                0x0000000001022ee0                _lseek_r
 .text          0x0000000001022f40        0x0 k:/intelfpga/18.1/nios2eds/bin/gnu/h-x86_64-mingw32/bin/../lib/gcc/nios2-elf/5.3.0/../../../../../H-x86_64-mingw32/nios2-elf/lib\libc.a(lib_a-makebuf.o)
 .text.__smakebuf_r
                0x0000000001022f40      0x1bc k:/intelfpga/18.1/nios2eds/bin/gnu/h-x86_64-mingw32/bin/../lib/gcc/nios2-elf/5.3.0/../../../../../H-x86_64-mingw32/nios2-elf/lib\libc.a(lib_a-makebuf.o)
                0x0000000001022f40                __smakebuf_r
 .text          0x00000000010230fc        0x0 k:/intelfpga/18.1/nios2eds/bin/gnu/h-x86_64-mingw32/bin/../lib/gcc/nios2-elf/5.3.0/../../../../../H-x86_64-mingw32/nios2-elf/lib\libc.a(lib_a-readr.o)
 .text._read_r  0x00000000010230fc       0x60 k:/intelfpga/18.1/nios2eds/bin/gnu/h-x86_64-mingw32/bin/../lib/gcc/nios2-elf/5.3.0/../../../../../H-x86_64-mingw32/nios2-elf/lib\libc.a(lib_a-readr.o)
                0x00000000010230fc                _read_r
 .text          0x000000000102315c        0x0 k:/intelfpga/18.1/nios2eds/bin/gnu/h-x86_64-mingw32/bin/../lib/gcc/nios2-elf/5.3.0/../../../../../H-x86_64-mingw32/nios2-elf/lib\libc.a(lib_a-fstatr.o)
 .text._fstat_r
                0x000000000102315c       0x5c k:/intelfpga/18.1/nios2eds/bin/gnu/h-x86_64-mingw32/bin/../lib/gcc/nios2-elf/5.3.0/../../../../../H-x86_64-mingw32/nios2-elf/lib\libc.a(lib_a-fstatr.o)
                0x000000000102315c                _fstat_r
 .text          0x00000000010231b8        0x0 k:/intelfpga/18.1/nios2eds/bin/gnu/h-x86_64-mingw32/bin/../lib/gcc/nios2-elf/5.3.0/../../../../../H-x86_64-mingw32/nios2-elf/lib\libc.a(lib_a-isattyr.o)
 .text._isatty_r
                0x00000000010231b8       0x54 k:/intelfpga/18.1/nios2eds/bin/gnu/h-x86_64-mingw32/bin/../lib/gcc/nios2-elf/5.3.0/../../../../../H-x86_64-mingw32/nios2-elf/lib\libc.a(lib_a-isattyr.o)
                0x00000000010231b8                _isatty_r
 .text          0x000000000102320c      0x1b4 k:/intelfpga/18.1/nios2eds/bin/gnu/h-x86_64-mingw32/bin/../lib/gcc/nios2-elf/5.3.0\libgcc.a(lib2-divmod.o)
                0x000000000102320c                __divsi3
                0x0000000001023290                __modsi3
                0x0000000001023304                __udivsi3
                0x0000000001023368                __umodsi3
 .text          0x00000000010233c0      0x10c ../WS2812_Test_bsp/\libhal_bsp.a(alt_close.o)
                0x00000000010233fc                close
 .text          0x00000000010234cc       0x2c ../WS2812_Test_bsp/\libhal_bsp.a(alt_dev.o)
 .text          0x00000000010234f8        0x0 ../WS2812_Test_bsp/\libhal_bsp.a(alt_errno.o)
 .text          0x00000000010234f8       0xec ../WS2812_Test_bsp/\libhal_bsp.a(alt_fstat.o)
                0x0000000001023534                fstat
 .text          0x00000000010235e4       0xe0 ../WS2812_Test_bsp/\libhal_bsp.a(alt_isatty.o)
                0x0000000001023620                isatty
 .text          0x00000000010236c4       0xec ../WS2812_Test_bsp/\libhal_bsp.a(alt_load.o)
                0x000000000102372c                alt_load
 .text          0x00000000010237b0      0x110 ../WS2812_Test_bsp/\libhal_bsp.a(alt_lseek.o)
                0x00000000010237ec                lseek
 .text          0x00000000010238c0       0x7c ../WS2812_Test_bsp/\libhal_bsp.a(alt_main.o)
                0x00000000010238c0                alt_main
 .text          0x000000000102393c       0x48 ../WS2812_Test_bsp/\libhal_bsp.a(alt_malloc_lock.o)
                0x000000000102393c                __malloc_lock
                0x0000000001023960                __malloc_unlock
 .text          0x0000000001023984      0x138 ../WS2812_Test_bsp/\libhal_bsp.a(alt_read.o)
                0x00000000010239c0                read
 .text          0x0000000001023abc       0x64 ../WS2812_Test_bsp/\libhal_bsp.a(alt_release_fd.o)
                0x0000000001023abc                alt_release_fd
 .text          0x0000000001023b20       0xb0 ../WS2812_Test_bsp/\libhal_bsp.a(alt_sbrk.o)
                0x0000000001023b20                sbrk
 .text          0x0000000001023bd0       0x30 ../WS2812_Test_bsp/\libhal_bsp.a(alt_usleep.o)
                0x0000000001023bd0                usleep
 .text          0x0000000001023c00      0x134 ../WS2812_Test_bsp/\libhal_bsp.a(alt_write.o)
                0x0000000001023c3c                write
 .text          0x0000000001023d34       0xcc ../WS2812_Test_bsp/\libhal_bsp.a(alt_sys_init.o)
                0x0000000001023d68                alt_irq_init
                0x0000000001023da0                alt_sys_init
 .text          0x0000000001023e00      0x164 ../WS2812_Test_bsp/\libhal_bsp.a(altera_avalon_jtag_uart_fd.o)
                0x0000000001023e00                altera_avalon_jtag_uart_read_fd
                0x0000000001023e60                altera_avalon_jtag_uart_write_fd
                0x0000000001023ec0                altera_avalon_jtag_uart_close_fd
                0x0000000001023f10                altera_avalon_jtag_uart_ioctl_fd
 .text          0x0000000001023f64      0x3d4 ../WS2812_Test_bsp/\libhal_bsp.a(altera_avalon_jtag_uart_init.o)
                0x0000000001023f64                altera_avalon_jtag_uart_init
                0x00000000010242d0                altera_avalon_jtag_uart_close
 .text          0x0000000001024338       0xf0 ../WS2812_Test_bsp/\libhal_bsp.a(altera_avalon_jtag_uart_ioctl.o)
                0x0000000001024338                altera_avalon_jtag_uart_ioctl
 .text          0x0000000001024428      0x21c ../WS2812_Test_bsp/\libhal_bsp.a(altera_avalon_jtag_uart_read.o)
                0x0000000001024428                altera_avalon_jtag_uart_read
 .text          0x0000000001024644      0x224 ../WS2812_Test_bsp/\libhal_bsp.a(altera_avalon_jtag_uart_write.o)
                0x0000000001024644                altera_avalon_jtag_uart_write
 .text          0x0000000001024868       0xf4 ../WS2812_Test_bsp/\libhal_bsp.a(altera_avalon_timer_sc.o)
                0x00000000010248e0                alt_avalon_timer_sc_init
 .text          0x000000000102495c      0x12c ../WS2812_Test_bsp/\libhal_bsp.a(alt_alarm_start.o)
                0x000000000102495c                alt_alarm_start
 .text          0x0000000001024a88      0x158 ../WS2812_Test_bsp/\libhal_bsp.a(alt_busy_sleep.o)
                0x0000000001024a88                alt_busy_sleep
 .text          0x0000000001024be0       0x48 ../WS2812_Test_bsp/\libhal_bsp.a(alt_dcache_flush_all.o)
                0x0000000001024be0                alt_dcache_flush_all
 .text          0x0000000001024c28       0xe0 ../WS2812_Test_bsp/\libhal_bsp.a(alt_dev_llist_insert.o)
                0x0000000001024c64                alt_dev_llist_insert
 .text          0x0000000001024d08       0x60 ../WS2812_Test_bsp/\libhal_bsp.a(alt_do_ctors.o)
                0x0000000001024d08                _do_ctors
 .text          0x0000000001024d68       0x60 ../WS2812_Test_bsp/\libhal_bsp.a(alt_do_dtors.o)
                0x0000000001024d68                _do_dtors
 .text          0x0000000001024dc8       0x34 ../WS2812_Test_bsp/\libhal_bsp.a(alt_icache_flush_all.o)
                0x0000000001024dc8                alt_icache_flush_all
 .text          0x0000000001024dfc      0x1b0 ../WS2812_Test_bsp/\libhal_bsp.a(alt_iic.o)
                0x0000000001024dfc                alt_ic_isr_register
                0x0000000001024e4c                alt_ic_irq_enable
                0x0000000001024ed4                alt_ic_irq_disable
                0x0000000001024f60                alt_ic_irq_enabled
 .text          0x0000000001024fac       0xf0 ../WS2812_Test_bsp/\libhal_bsp.a(alt_iic_isr_register.o)
                0x0000000001024fac                alt_iic_isr_register
 .text          0x000000000102509c      0x140 ../WS2812_Test_bsp/\libhal_bsp.a(alt_io_redirect.o)
                0x0000000001025160                alt_io_redirect
 .text          0x00000000010251dc        0x0 ../WS2812_Test_bsp/\libhal_bsp.a(alt_irq_entry.o)
 .text          0x00000000010251dc        0x0 ../WS2812_Test_bsp/\libhal_bsp.a(alt_irq_handler.o)
 .text          0x00000000010251dc        0x0 ../WS2812_Test_bsp/\libhal_bsp.a(alt_irq_vars.o)
 .text          0x00000000010251dc      0x254 ../WS2812_Test_bsp/\libhal_bsp.a(alt_open.o)
                0x00000000010252dc                open
 .text          0x0000000001025430      0x1a4 ../WS2812_Test_bsp/\libhal_bsp.a(alt_tick.o)
                0x0000000001025430                alt_alarm_stop
                0x00000000010254cc                alt_tick
 .text          0x00000000010255d4       0x24 ../WS2812_Test_bsp/\libhal_bsp.a(altera_nios2_gen2_irq.o)
                0x00000000010255d4                altera_nios2_gen2_irq_init
 .text          0x00000000010255f8        0x0 ../WS2812_Test_bsp/\libhal_bsp.a(alt_exception_entry.o)
 .text          0x00000000010255f8       0x90 ../WS2812_Test_bsp/\libhal_bsp.a(alt_find_dev.o)
                0x00000000010255f8                alt_find_dev
 .text          0x0000000001025688      0x108 ../WS2812_Test_bsp/\libhal_bsp.a(alt_find_file.o)
                0x0000000001025688                alt_find_file
 .text          0x0000000001025790       0xa4 ../WS2812_Test_bsp/\libhal_bsp.a(alt_get_fd.o)
                0x0000000001025790                alt_get_fd
 .text          0x0000000001025834       0x90 ../WS2812_Test_bsp/\libhal_bsp.a(alt_icache_flush.o)
                0x0000000001025834                alt_icache_flush
 .text          0x00000000010258c4       0x9c ../WS2812_Test_bsp/\libhal_bsp.a(alt_instruction_exception_entry.o)
                0x00000000010258c4                alt_exception_cause_generated_bad_addr
 .text          0x0000000001025960        0x0 k:/intelfpga/18.1/nios2eds/bin/gnu/h-x86_64-mingw32/bin/../lib/gcc/nios2-elf/5.3.0/../../../../../H-x86_64-mingw32/nios2-elf/lib\libc.a(lib_a-atexit.o)
 .text.atexit   0x0000000001025960       0x14 k:/intelfpga/18.1/nios2eds/bin/gnu/h-x86_64-mingw32/bin/../lib/gcc/nios2-elf/5.3.0/../../../../../H-x86_64-mingw32/nios2-elf/lib\libc.a(lib_a-atexit.o)
                0x0000000001025960                atexit
 .text          0x0000000001025974        0x0 k:/intelfpga/18.1/nios2eds/bin/gnu/h-x86_64-mingw32/bin/../lib/gcc/nios2-elf/5.3.0/../../../../../H-x86_64-mingw32/nios2-elf/lib\libc.a(lib_a-exit.o)
 .text.exit     0x0000000001025974       0x38 k:/intelfpga/18.1/nios2eds/bin/gnu/h-x86_64-mingw32/bin/../lib/gcc/nios2-elf/5.3.0/../../../../../H-x86_64-mingw32/nios2-elf/lib\libc.a(lib_a-exit.o)
                0x0000000001025974                exit
 .text          0x00000000010259ac        0x0 k:/intelfpga/18.1/nios2eds/bin/gnu/h-x86_64-mingw32/bin/../lib/gcc/nios2-elf/5.3.0/../../../../../H-x86_64-mingw32/nios2-elf/lib\libc.a(lib_a-memcmp.o)
 .text.memcmp   0x00000000010259ac       0x7c k:/intelfpga/18.1/nios2eds/bin/gnu/h-x86_64-mingw32/bin/../lib/gcc/nios2-elf/5.3.0/../../../../../H-x86_64-mingw32/nios2-elf/lib\libc.a(lib_a-memcmp.o)
                0x00000000010259ac                memcmp
 .text          0x0000000001025a28        0x0 k:/intelfpga/18.1/nios2eds/bin/gnu/h-x86_64-mingw32/bin/../lib/gcc/nios2-elf/5.3.0/../../../../../H-x86_64-mingw32/nios2-elf/lib\libc.a(lib_a-__atexit.o)
 .text.__register_exitproc
                0x0000000001025a28      0x118 k:/intelfpga/18.1/nios2eds/bin/gnu/h-x86_64-mingw32/bin/../lib/gcc/nios2-elf/5.3.0/../../../../../H-x86_64-mingw32/nios2-elf/lib\libc.a(lib_a-__atexit.o)
                0x0000000001025a28                __register_exitproc
 .text          0x0000000001025b40        0x0 k:/intelfpga/18.1/nios2eds/bin/gnu/h-x86_64-mingw32/bin/../lib/gcc/nios2-elf/5.3.0/../../../../../H-x86_64-mingw32/nios2-elf/lib\libc.a(lib_a-__call_atexit.o)
 .text.__call_exitprocs
                0x0000000001025b40      0x180 k:/intelfpga/18.1/nios2eds/bin/gnu/h-x86_64-mingw32/bin/../lib/gcc/nios2-elf/5.3.0/../../../../../H-x86_64-mingw32/nios2-elf/lib\libc.a(lib_a-__call_atexit.o)
                0x0000000001025b40                __call_exitprocs
 .text          0x0000000001025cc0       0x34 ../WS2812_Test_bsp/\libhal_bsp.a(alt_exit.o)
                0x0000000001025cc0                _exit
 *(.gnu.warning.*)
 *(.fini)
                [!provide]                        PROVIDE (__etext, ABSOLUTE (.))
                [!provide]                        PROVIDE (_etext, ABSOLUTE (.))
                [!provide]                        PROVIDE (etext, ABSOLUTE (.))
 *(.eh_frame_hdr)
                0x0000000001025cf4                . = ALIGN (0x4)
                [!provide]                        PROVIDE (__preinit_array_start, ABSOLUTE (.))
 *(.preinit_array)
                [!provide]                        PROVIDE (__preinit_array_end, ABSOLUTE (.))
                [!provide]                        PROVIDE (__init_array_start, ABSOLUTE (.))
 *(.init_array)
                [!provide]                        PROVIDE (__init_array_end, ABSOLUTE (.))
                [!provide]                        PROVIDE (__fini_array_start, ABSOLUTE (.))
 *(.fini_array)
                [!provide]                        PROVIDE (__fini_array_end, ABSOLUTE (.))
 *(.eh_frame)
 *(.gcc_except_table .gcc_except_table.*)
 *(.dynamic)
                0x0000000001025cf4                PROVIDE (__CTOR_LIST__, ABSOLUTE (.))
 *(.ctors)
 *(SORT(.ctors.*))
                0x0000000001025cf4                PROVIDE (__CTOR_END__, ABSOLUTE (.))
                0x0000000001025cf4                PROVIDE (__DTOR_LIST__, ABSOLUTE (.))
 *(.dtors)
 *(SORT(.dtors.*))
                0x0000000001025cf4                PROVIDE (__DTOR_END__, ABSOLUTE (.))
 *(.jcr)
                0x0000000001025cf4                . = ALIGN (0x4)

.rodata         0x0000000001025cf4       0x50
                0x0000000001025cf4                PROVIDE (__ram_rodata_start, ABSOLUTE (.))
                0x0000000001025cf4                . = ALIGN (0x4)
 *(.rodata .rodata.* .gnu.linkonce.r.*)
 .rodata        0x0000000001025cf4       0x1a obj/default/main.o
 *fill*         0x0000000001025d0e        0x2 
 .rodata.str1.4
                0x0000000001025d10        0x2 k:/intelfpga/18.1/nios2eds/bin/gnu/h-x86_64-mingw32/bin/../lib/gcc/nios2-elf/5.3.0/../../../../../H-x86_64-mingw32/nios2-elf/lib\libc.a(lib_a-puts.o)
 *fill*         0x0000000001025d12        0x2 
 .rodata.str1.4
                0x0000000001025d14        0x4 k:/intelfpga/18.1/nios2eds/bin/gnu/h-x86_64-mingw32/bin/../lib/gcc/nios2-elf/5.3.0/../../../../../H-x86_64-mingw32/nios2-elf/lib\libc.a(lib_a-impure.o)
                                          0x2 (size before relaxing)
 .rodata        0x0000000001025d18        0xa ../WS2812_Test_bsp/\libhal_bsp.a(alt_dev.o)
 *fill*         0x0000000001025d22        0x2 
 .rodata        0x0000000001025d24        0xf ../WS2812_Test_bsp/\libhal_bsp.a(alt_main.o)
 *fill*         0x0000000001025d33        0x1 
 .rodata        0x0000000001025d34        0xf ../WS2812_Test_bsp/\libhal_bsp.a(alt_sys_init.o)
 *(.rodata1)
                0x0000000001025d44                . = ALIGN (0x4)
 *fill*         0x0000000001025d43        0x1 
                0x0000000001025d44                PROVIDE (__ram_rodata_end, ABSOLUTE (.))
                0x0000000001025cf4                PROVIDE (__flash_rodata_start, LOADADDR (.rodata))

.rwdata         0x0000000001025d44     0x1a6c load address 0x00000000010277b0
                0x0000000001025d44                PROVIDE (__ram_rwdata_start, ABSOLUTE (.))
                0x0000000001025d44                . = ALIGN (0x4)
 *(.got.plt)
 *(.got)
 *(.data1)
 *(.data .data.* .gnu.linkonce.d.*)
 .data          0x0000000001025d44        0x0 ../WS2812_Test_bsp//obj/HAL/src/crt0.o
 .data          0x0000000001025d44        0x0 obj/default/main.o
 .data          0x0000000001025d44        0x0 k:/intelfpga/18.1/nios2eds/bin/gnu/h-x86_64-mingw32/bin/../lib/gcc/nios2-elf/5.3.0/../../../../../H-x86_64-mingw32/nios2-elf/lib\libc.a(lib_a-puts.o)
 .data          0x0000000001025d44        0x0 k:/intelfpga/18.1/nios2eds/bin/gnu/h-x86_64-mingw32/bin/../lib/gcc/nios2-elf/5.3.0/../../../../../H-x86_64-mingw32/nios2-elf/lib\libc.a(lib_a-strlen.o)
 .data          0x0000000001025d44        0x0 k:/intelfpga/18.1/nios2eds/bin/gnu/h-x86_64-mingw32/bin/../lib/gcc/nios2-elf/5.3.0/../../../../../H-x86_64-mingw32/nios2-elf/lib\libc.a(lib_a-findfp.o)
 .data          0x0000000001025d44        0x0 k:/intelfpga/18.1/nios2eds/bin/gnu/h-x86_64-mingw32/bin/../lib/gcc/nios2-elf/5.3.0/../../../../../H-x86_64-mingw32/nios2-elf/lib\libc.a(lib_a-fvwrite.o)
 .data          0x0000000001025d44        0x0 k:/intelfpga/18.1/nios2eds/bin/gnu/h-x86_64-mingw32/bin/../lib/gcc/nios2-elf/5.3.0/../../../../../H-x86_64-mingw32/nios2-elf/lib\libc.a(lib_a-fwalk.o)
 .data          0x0000000001025d44        0x0 k:/intelfpga/18.1/nios2eds/bin/gnu/h-x86_64-mingw32/bin/../lib/gcc/nios2-elf/5.3.0/../../../../../H-x86_64-mingw32/nios2-elf/lib\libc.a(lib_a-impure.o)
 .data.impure_data
                0x0000000001025d44      0x424 k:/intelfpga/18.1/nios2eds/bin/gnu/h-x86_64-mingw32/bin/../lib/gcc/nios2-elf/5.3.0/../../../../../H-x86_64-mingw32/nios2-elf/lib\libc.a(lib_a-impure.o)
 .data          0x0000000001026168        0x0 k:/intelfpga/18.1/nios2eds/bin/gnu/h-x86_64-mingw32/bin/../lib/gcc/nios2-elf/5.3.0/../../../../../H-x86_64-mingw32/nios2-elf/lib\libc.a(lib_a-mallocr.o)
 .data.__malloc_av_
                0x0000000001026168      0x408 k:/intelfpga/18.1/nios2eds/bin/gnu/h-x86_64-mingw32/bin/../lib/gcc/nios2-elf/5.3.0/../../../../../H-x86_64-mingw32/nios2-elf/lib\libc.a(lib_a-mallocr.o)
                0x0000000001026168                __malloc_av_
 .data          0x0000000001026570        0x0 k:/intelfpga/18.1/nios2eds/bin/gnu/h-x86_64-mingw32/bin/../lib/gcc/nios2-elf/5.3.0/../../../../../H-x86_64-mingw32/nios2-elf/lib\libc.a(lib_a-memchr.o)
 .data          0x0000000001026570        0x0 k:/intelfpga/18.1/nios2eds/bin/gnu/h-x86_64-mingw32/bin/../lib/gcc/nios2-elf/5.3.0/../../../../../H-x86_64-mingw32/nios2-elf/lib\libc.a(lib_a-memcpy.o)
 .data          0x0000000001026570        0x0 k:/intelfpga/18.1/nios2eds/bin/gnu/h-x86_64-mingw32/bin/../lib/gcc/nios2-elf/5.3.0/../../../../../H-x86_64-mingw32/nios2-elf/lib\libc.a(lib_a-memmove.o)
 .data          0x0000000001026570        0x0 k:/intelfpga/18.1/nios2eds/bin/gnu/h-x86_64-mingw32/bin/../lib/gcc/nios2-elf/5.3.0/../../../../../H-x86_64-mingw32/nios2-elf/lib\libc.a(lib_a-memset.o)
 .data          0x0000000001026570        0x0 k:/intelfpga/18.1/nios2eds/bin/gnu/h-x86_64-mingw32/bin/../lib/gcc/nios2-elf/5.3.0/../../../../../H-x86_64-mingw32/nios2-elf/lib\libc.a(lib_a-reallocr.o)
 .data          0x0000000001026570        0x0 k:/intelfpga/18.1/nios2eds/bin/gnu/h-x86_64-mingw32/bin/../lib/gcc/nios2-elf/5.3.0/../../../../../H-x86_64-mingw32/nios2-elf/lib\libc.a(lib_a-sbrkr.o)
 .data          0x0000000001026570        0x0 k:/intelfpga/18.1/nios2eds/bin/gnu/h-x86_64-mingw32/bin/../lib/gcc/nios2-elf/5.3.0/../../../../../H-x86_64-mingw32/nios2-elf/lib\libc.a(lib_a-stdio.o)
 .data          0x0000000001026570        0x0 k:/intelfpga/18.1/nios2eds/bin/gnu/h-x86_64-mingw32/bin/../lib/gcc/nios2-elf/5.3.0/../../../../../H-x86_64-mingw32/nios2-elf/lib\libc.a(lib_a-writer.o)
 .data          0x0000000001026570        0x0 k:/intelfpga/18.1/nios2eds/bin/gnu/h-x86_64-mingw32/bin/../lib/gcc/nios2-elf/5.3.0/../../../../../H-x86_64-mingw32/nios2-elf/lib\libc.a(lib_a-wsetup.o)
 .data          0x0000000001026570        0x0 k:/intelfpga/18.1/nios2eds/bin/gnu/h-x86_64-mingw32/bin/../lib/gcc/nios2-elf/5.3.0/../../../../../H-x86_64-mingw32/nios2-elf/lib\libc.a(closer.o)
 .data          0x0000000001026570        0x0 k:/intelfpga/18.1/nios2eds/bin/gnu/h-x86_64-mingw32/bin/../lib/gcc/nios2-elf/5.3.0/../../../../../H-x86_64-mingw32/nios2-elf/lib\libc.a(lib_a-fclose.o)
 .data          0x0000000001026570        0x0 k:/intelfpga/18.1/nios2eds/bin/gnu/h-x86_64-mingw32/bin/../lib/gcc/nios2-elf/5.3.0/../../../../../H-x86_64-mingw32/nios2-elf/lib\libc.a(lib_a-fflush.o)
 .data          0x0000000001026570        0x0 k:/intelfpga/18.1/nios2eds/bin/gnu/h-x86_64-mingw32/bin/../lib/gcc/nios2-elf/5.3.0/../../../../../H-x86_64-mingw32/nios2-elf/lib\libc.a(lib_a-freer.o)
 .data          0x0000000001026570        0x0 k:/intelfpga/18.1/nios2eds/bin/gnu/h-x86_64-mingw32/bin/../lib/gcc/nios2-elf/5.3.0/../../../../../H-x86_64-mingw32/nios2-elf/lib\libc.a(lib_a-int_errno.o)
 .data          0x0000000001026570        0x0 k:/intelfpga/18.1/nios2eds/bin/gnu/h-x86_64-mingw32/bin/../lib/gcc/nios2-elf/5.3.0/../../../../../H-x86_64-mingw32/nios2-elf/lib\libc.a(lib_a-lseekr.o)
 .data          0x0000000001026570        0x0 k:/intelfpga/18.1/nios2eds/bin/gnu/h-x86_64-mingw32/bin/../lib/gcc/nios2-elf/5.3.0/../../../../../H-x86_64-mingw32/nios2-elf/lib\libc.a(lib_a-makebuf.o)
 .data          0x0000000001026570        0x0 k:/intelfpga/18.1/nios2eds/bin/gnu/h-x86_64-mingw32/bin/../lib/gcc/nios2-elf/5.3.0/../../../../../H-x86_64-mingw32/nios2-elf/lib\libc.a(lib_a-readr.o)
 .data          0x0000000001026570        0x0 k:/intelfpga/18.1/nios2eds/bin/gnu/h-x86_64-mingw32/bin/../lib/gcc/nios2-elf/5.3.0/../../../../../H-x86_64-mingw32/nios2-elf/lib\libc.a(lib_a-fstatr.o)
 .data          0x0000000001026570        0x0 k:/intelfpga/18.1/nios2eds/bin/gnu/h-x86_64-mingw32/bin/../lib/gcc/nios2-elf/5.3.0/../../../../../H-x86_64-mingw32/nios2-elf/lib\libc.a(lib_a-isattyr.o)
 .data          0x0000000001026570        0x0 k:/intelfpga/18.1/nios2eds/bin/gnu/h-x86_64-mingw32/bin/../lib/gcc/nios2-elf/5.3.0\libgcc.a(lib2-divmod.o)
 .data          0x0000000001026570        0x0 ../WS2812_Test_bsp/\libhal_bsp.a(alt_close.o)
 .data          0x0000000001026570      0x1a8 ../WS2812_Test_bsp/\libhal_bsp.a(alt_dev.o)
                0x0000000001026570                alt_dev_null
                0x0000000001026598                alt_fd_list
 .data          0x0000000001026718        0x0 ../WS2812_Test_bsp/\libhal_bsp.a(alt_errno.o)
 .data          0x0000000001026718        0x0 ../WS2812_Test_bsp/\libhal_bsp.a(alt_fstat.o)
 .data          0x0000000001026718        0x0 ../WS2812_Test_bsp/\libhal_bsp.a(alt_isatty.o)
 .data          0x0000000001026718        0x0 ../WS2812_Test_bsp/\libhal_bsp.a(alt_load.o)
 .data          0x0000000001026718        0x0 ../WS2812_Test_bsp/\libhal_bsp.a(alt_lseek.o)
 .data          0x0000000001026718        0x0 ../WS2812_Test_bsp/\libhal_bsp.a(alt_main.o)
 .data          0x0000000001026718        0x0 ../WS2812_Test_bsp/\libhal_bsp.a(alt_malloc_lock.o)
 .data          0x0000000001026718        0x0 ../WS2812_Test_bsp/\libhal_bsp.a(alt_read.o)
 .data          0x0000000001026718        0x0 ../WS2812_Test_bsp/\libhal_bsp.a(alt_release_fd.o)
 .data          0x0000000001026718        0x0 ../WS2812_Test_bsp/\libhal_bsp.a(alt_sbrk.o)
 .data          0x0000000001026718        0x0 ../WS2812_Test_bsp/\libhal_bsp.a(alt_usleep.o)
 .data          0x0000000001026718        0x0 ../WS2812_Test_bsp/\libhal_bsp.a(alt_write.o)
 .data          0x0000000001026718     0x1060 ../WS2812_Test_bsp/\libhal_bsp.a(alt_sys_init.o)
 .data          0x0000000001027778        0x0 ../WS2812_Test_bsp/\libhal_bsp.a(altera_avalon_jtag_uart_fd.o)
 .data          0x0000000001027778        0x0 ../WS2812_Test_bsp/\libhal_bsp.a(altera_avalon_jtag_uart_init.o)
 .data          0x0000000001027778        0x0 ../WS2812_Test_bsp/\libhal_bsp.a(altera_avalon_jtag_uart_ioctl.o)
 .data          0x0000000001027778        0x0 ../WS2812_Test_bsp/\libhal_bsp.a(altera_avalon_jtag_uart_read.o)
 .data          0x0000000001027778        0x0 ../WS2812_Test_bsp/\libhal_bsp.a(altera_avalon_jtag_uart_write.o)
 .data          0x0000000001027778        0x0 ../WS2812_Test_bsp/\libhal_bsp.a(altera_avalon_timer_sc.o)
 .data          0x0000000001027778        0x0 ../WS2812_Test_bsp/\libhal_bsp.a(alt_alarm_start.o)
 .data          0x0000000001027778        0x0 ../WS2812_Test_bsp/\libhal_bsp.a(alt_busy_sleep.o)
 .data          0x0000000001027778        0x0 ../WS2812_Test_bsp/\libhal_bsp.a(alt_dcache_flush_all.o)
 .data          0x0000000001027778        0x0 ../WS2812_Test_bsp/\libhal_bsp.a(alt_dev_llist_insert.o)
 .data          0x0000000001027778        0x0 ../WS2812_Test_bsp/\libhal_bsp.a(alt_do_ctors.o)
 .data          0x0000000001027778        0x0 ../WS2812_Test_bsp/\libhal_bsp.a(alt_do_dtors.o)
 .data          0x0000000001027778        0x0 ../WS2812_Test_bsp/\libhal_bsp.a(alt_icache_flush_all.o)
 .data          0x0000000001027778        0x0 ../WS2812_Test_bsp/\libhal_bsp.a(alt_iic.o)
 .data          0x0000000001027778        0x0 ../WS2812_Test_bsp/\libhal_bsp.a(alt_iic_isr_register.o)
 .data          0x0000000001027778        0x0 ../WS2812_Test_bsp/\libhal_bsp.a(alt_io_redirect.o)
 .data          0x0000000001027778        0x0 ../WS2812_Test_bsp/\libhal_bsp.a(alt_irq_entry.o)
 .data          0x0000000001027778        0x0 ../WS2812_Test_bsp/\libhal_bsp.a(alt_irq_handler.o)
 .data          0x0000000001027778        0x0 ../WS2812_Test_bsp/\libhal_bsp.a(alt_irq_vars.o)
 .data          0x0000000001027778        0x0 ../WS2812_Test_bsp/\libhal_bsp.a(alt_open.o)
 .data          0x0000000001027778        0x0 ../WS2812_Test_bsp/\libhal_bsp.a(alt_tick.o)
 .data          0x0000000001027778        0x0 ../WS2812_Test_bsp/\libhal_bsp.a(altera_nios2_gen2_irq.o)
 .data          0x0000000001027778        0x0 ../WS2812_Test_bsp/\libhal_bsp.a(alt_exception_entry.o)
 .data          0x0000000001027778        0x0 ../WS2812_Test_bsp/\libhal_bsp.a(alt_find_dev.o)
 .data          0x0000000001027778        0x0 ../WS2812_Test_bsp/\libhal_bsp.a(alt_find_file.o)
 .data          0x0000000001027778        0x0 ../WS2812_Test_bsp/\libhal_bsp.a(alt_get_fd.o)
 .data          0x0000000001027778        0x0 ../WS2812_Test_bsp/\libhal_bsp.a(alt_icache_flush.o)
 .data          0x0000000001027778        0x0 ../WS2812_Test_bsp/\libhal_bsp.a(alt_instruction_exception_entry.o)
 .data          0x0000000001027778        0x0 k:/intelfpga/18.1/nios2eds/bin/gnu/h-x86_64-mingw32/bin/../lib/gcc/nios2-elf/5.3.0/../../../../../H-x86_64-mingw32/nios2-elf/lib\libc.a(lib_a-atexit.o)
 .data          0x0000000001027778        0x0 k:/intelfpga/18.1/nios2eds/bin/gnu/h-x86_64-mingw32/bin/../lib/gcc/nios2-elf/5.3.0/../../../../../H-x86_64-mingw32/nios2-elf/lib\libc.a(lib_a-exit.o)
 .data          0x0000000001027778        0x0 k:/intelfpga/18.1/nios2eds/bin/gnu/h-x86_64-mingw32/bin/../lib/gcc/nios2-elf/5.3.0/../../../../../H-x86_64-mingw32/nios2-elf/lib\libc.a(lib_a-memcmp.o)
 .data          0x0000000001027778        0x0 k:/intelfpga/18.1/nios2eds/bin/gnu/h-x86_64-mingw32/bin/../lib/gcc/nios2-elf/5.3.0/../../../../../H-x86_64-mingw32/nios2-elf/lib\libc.a(lib_a-__atexit.o)
 .data          0x0000000001027778        0x0 k:/intelfpga/18.1/nios2eds/bin/gnu/h-x86_64-mingw32/bin/../lib/gcc/nios2-elf/5.3.0/../../../../../H-x86_64-mingw32/nios2-elf/lib\libc.a(lib_a-__call_atexit.o)
 .data          0x0000000001027778        0x0 ../WS2812_Test_bsp/\libhal_bsp.a(alt_exit.o)
                0x000000000102f778                _gp = ABSOLUTE ((. + 0x8000))
                [!provide]                        PROVIDE (gp, _gp)
 *(.rwdata .rwdata.*)
 *(.sdata .sdata.* .gnu.linkonce.s.*)
 .sdata._global_impure_ptr
                0x0000000001027778        0x4 k:/intelfpga/18.1/nios2eds/bin/gnu/h-x86_64-mingw32/bin/../lib/gcc/nios2-elf/5.3.0/../../../../../H-x86_64-mingw32/nios2-elf/lib\libc.a(lib_a-impure.o)
                0x0000000001027778                _global_impure_ptr
 .sdata._impure_ptr
                0x000000000102777c        0x4 k:/intelfpga/18.1/nios2eds/bin/gnu/h-x86_64-mingw32/bin/../lib/gcc/nios2-elf/5.3.0/../../../../../H-x86_64-mingw32/nios2-elf/lib\libc.a(lib_a-impure.o)
                0x000000000102777c                _impure_ptr
 .sdata.__malloc_sbrk_base
                0x0000000001027780        0x4 k:/intelfpga/18.1/nios2eds/bin/gnu/h-x86_64-mingw32/bin/../lib/gcc/nios2-elf/5.3.0/../../../../../H-x86_64-mingw32/nios2-elf/lib\libc.a(lib_a-mallocr.o)
                0x0000000001027780                __malloc_sbrk_base
 .sdata.__malloc_trim_threshold
                0x0000000001027784        0x4 k:/intelfpga/18.1/nios2eds/bin/gnu/h-x86_64-mingw32/bin/../lib/gcc/nios2-elf/5.3.0/../../../../../H-x86_64-mingw32/nios2-elf/lib\libc.a(lib_a-mallocr.o)
                0x0000000001027784                __malloc_trim_threshold
 .sdata         0x0000000001027788       0x14 ../WS2812_Test_bsp/\libhal_bsp.a(alt_dev.o)
                0x0000000001027788                alt_fs_list
                0x0000000001027790                alt_dev_list
                0x0000000001027798                alt_max_fd
 .sdata         0x000000000102779c        0x4 ../WS2812_Test_bsp/\libhal_bsp.a(alt_errno.o)
                0x000000000102779c                alt_errno
 .sdata         0x00000000010277a0        0x4 ../WS2812_Test_bsp/\libhal_bsp.a(alt_sbrk.o)
 .sdata         0x00000000010277a4        0x4 ../WS2812_Test_bsp/\libhal_bsp.a(alt_irq_vars.o)
                0x00000000010277a4                alt_priority_mask
 .sdata         0x00000000010277a8        0x8 ../WS2812_Test_bsp/\libhal_bsp.a(alt_tick.o)
                0x00000000010277a8                alt_alarm_list
 *(.sdata2 .sdata2.* .gnu.linkonce.s2.*)
                0x00000000010277b0                . = ALIGN (0x4)
                0x00000000010277b0                _edata = ABSOLUTE (.)
                [!provide]                        PROVIDE (edata, ABSOLUTE (.))
                0x00000000010277b0                PROVIDE (__ram_rwdata_end, ABSOLUTE (.))
                0x00000000010277b0                PROVIDE (__flash_rwdata_start, LOADADDR (.rwdata))

.bss            0x000000000102921c      0x154
                0x000000000102921c                __bss_start = ABSOLUTE (.)
                [!provide]                        PROVIDE (__sbss_start, ABSOLUTE (.))
                [!provide]                        PROVIDE (___sbss_start, ABSOLUTE (.))
 *(.dynsbss)
 *(.sbss .sbss.* .gnu.linkonce.sb.*)
 .sbss.__malloc_max_total_mem
                0x000000000102921c        0x4 k:/intelfpga/18.1/nios2eds/bin/gnu/h-x86_64-mingw32/bin/../lib/gcc/nios2-elf/5.3.0/../../../../../H-x86_64-mingw32/nios2-elf/lib\libc.a(lib_a-mallocr.o)
                0x000000000102921c                __malloc_max_total_mem
 .sbss.__malloc_max_sbrked_mem
                0x0000000001029220        0x4 k:/intelfpga/18.1/nios2eds/bin/gnu/h-x86_64-mingw32/bin/../lib/gcc/nios2-elf/5.3.0/../../../../../H-x86_64-mingw32/nios2-elf/lib\libc.a(lib_a-mallocr.o)
                0x0000000001029220                __malloc_max_sbrked_mem
 .sbss.__malloc_top_pad
                0x0000000001029224        0x4 k:/intelfpga/18.1/nios2eds/bin/gnu/h-x86_64-mingw32/bin/../lib/gcc/nios2-elf/5.3.0/../../../../../H-x86_64-mingw32/nios2-elf/lib\libc.a(lib_a-mallocr.o)
                0x0000000001029224                __malloc_top_pad
 .sbss          0x0000000001029228        0x4 k:/intelfpga/18.1/nios2eds/bin/gnu/h-x86_64-mingw32/bin/../lib/gcc/nios2-elf/5.3.0/../../../../../H-x86_64-mingw32/nios2-elf/lib\libc.a(lib_a-int_errno.o)
                0x0000000001029228                errno
 .sbss          0x000000000102922c        0xc ../WS2812_Test_bsp/\libhal_bsp.a(alt_main.o)
                0x000000000102922c                alt_argc
                0x0000000001029230                alt_argv
                0x0000000001029234                alt_envp
 .sbss          0x0000000001029238        0x4 ../WS2812_Test_bsp/\libhal_bsp.a(alt_irq_vars.o)
                0x0000000001029238                alt_irq_active
 .sbss          0x000000000102923c        0x8 ../WS2812_Test_bsp/\libhal_bsp.a(alt_tick.o)
                0x000000000102923c                _alt_tick_rate
                0x0000000001029240                _alt_nticks
 .sbss          0x0000000001029244        0x4 ../WS2812_Test_bsp/\libhal_bsp.a(alt_instruction_exception_entry.o)
                0x0000000001029244                alt_instruction_exception_handler
 *(.sbss2 .sbss2.* .gnu.linkonce.sb2.*)
 *(.scommon)
                [!provide]                        PROVIDE (__sbss_end, ABSOLUTE (.))
                [!provide]                        PROVIDE (___sbss_end, ABSOLUTE (.))
 *(.dynbss)
 *(.bss .bss.* .gnu.linkonce.b.*)
 .bss           0x0000000001029248        0x0 ../WS2812_Test_bsp//obj/HAL/src/crt0.o
 .bss           0x0000000001029248        0x0 obj/default/main.o
 .bss           0x0000000001029248        0x0 k:/intelfpga/18.1/nios2eds/bin/gnu/h-x86_64-mingw32/bin/../lib/gcc/nios2-elf/5.3.0/../../../../../H-x86_64-mingw32/nios2-elf/lib\libc.a(lib_a-puts.o)
 .bss           0x0000000001029248        0x0 k:/intelfpga/18.1/nios2eds/bin/gnu/h-x86_64-mingw32/bin/../lib/gcc/nios2-elf/5.3.0/../../../../../H-x86_64-mingw32/nios2-elf/lib\libc.a(lib_a-strlen.o)
 .bss           0x0000000001029248        0x0 k:/intelfpga/18.1/nios2eds/bin/gnu/h-x86_64-mingw32/bin/../lib/gcc/nios2-elf/5.3.0/../../../../../H-x86_64-mingw32/nios2-elf/lib\libc.a(lib_a-findfp.o)
 .bss           0x0000000001029248        0x0 k:/intelfpga/18.1/nios2eds/bin/gnu/h-x86_64-mingw32/bin/../lib/gcc/nios2-elf/5.3.0/../../../../../H-x86_64-mingw32/nios2-elf/lib\libc.a(lib_a-fvwrite.o)
 .bss           0x0000000001029248        0x0 k:/intelfpga/18.1/nios2eds/bin/gnu/h-x86_64-mingw32/bin/../lib/gcc/nios2-elf/5.3.0/../../../../../H-x86_64-mingw32/nios2-elf/lib\libc.a(lib_a-fwalk.o)
 .bss           0x0000000001029248        0x0 k:/intelfpga/18.1/nios2eds/bin/gnu/h-x86_64-mingw32/bin/../lib/gcc/nios2-elf/5.3.0/../../../../../H-x86_64-mingw32/nios2-elf/lib\libc.a(lib_a-impure.o)
 .bss           0x0000000001029248        0x0 k:/intelfpga/18.1/nios2eds/bin/gnu/h-x86_64-mingw32/bin/../lib/gcc/nios2-elf/5.3.0/../../../../../H-x86_64-mingw32/nios2-elf/lib\libc.a(lib_a-mallocr.o)
 .bss.__malloc_current_mallinfo
                0x0000000001029248       0x28 k:/intelfpga/18.1/nios2eds/bin/gnu/h-x86_64-mingw32/bin/../lib/gcc/nios2-elf/5.3.0/../../../../../H-x86_64-mingw32/nios2-elf/lib\libc.a(lib_a-mallocr.o)
                0x0000000001029248                __malloc_current_mallinfo
 .bss           0x0000000001029270        0x0 k:/intelfpga/18.1/nios2eds/bin/gnu/h-x86_64-mingw32/bin/../lib/gcc/nios2-elf/5.3.0/../../../../../H-x86_64-mingw32/nios2-elf/lib\libc.a(lib_a-memchr.o)
 .bss           0x0000000001029270        0x0 k:/intelfpga/18.1/nios2eds/bin/gnu/h-x86_64-mingw32/bin/../lib/gcc/nios2-elf/5.3.0/../../../../../H-x86_64-mingw32/nios2-elf/lib\libc.a(lib_a-memcpy.o)
 .bss           0x0000000001029270        0x0 k:/intelfpga/18.1/nios2eds/bin/gnu/h-x86_64-mingw32/bin/../lib/gcc/nios2-elf/5.3.0/../../../../../H-x86_64-mingw32/nios2-elf/lib\libc.a(lib_a-memmove.o)
 .bss           0x0000000001029270        0x0 k:/intelfpga/18.1/nios2eds/bin/gnu/h-x86_64-mingw32/bin/../lib/gcc/nios2-elf/5.3.0/../../../../../H-x86_64-mingw32/nios2-elf/lib\libc.a(lib_a-memset.o)
 .bss           0x0000000001029270        0x0 k:/intelfpga/18.1/nios2eds/bin/gnu/h-x86_64-mingw32/bin/../lib/gcc/nios2-elf/5.3.0/../../../../../H-x86_64-mingw32/nios2-elf/lib\libc.a(lib_a-reallocr.o)
 .bss           0x0000000001029270        0x0 k:/intelfpga/18.1/nios2eds/bin/gnu/h-x86_64-mingw32/bin/../lib/gcc/nios2-elf/5.3.0/../../../../../H-x86_64-mingw32/nios2-elf/lib\libc.a(lib_a-sbrkr.o)
 .bss           0x0000000001029270        0x0 k:/intelfpga/18.1/nios2eds/bin/gnu/h-x86_64-mingw32/bin/../lib/gcc/nios2-elf/5.3.0/../../../../../H-x86_64-mingw32/nios2-elf/lib\libc.a(lib_a-stdio.o)
 .bss           0x0000000001029270        0x0 k:/intelfpga/18.1/nios2eds/bin/gnu/h-x86_64-mingw32/bin/../lib/gcc/nios2-elf/5.3.0/../../../../../H-x86_64-mingw32/nios2-elf/lib\libc.a(lib_a-writer.o)
 .bss           0x0000000001029270        0x0 k:/intelfpga/18.1/nios2eds/bin/gnu/h-x86_64-mingw32/bin/../lib/gcc/nios2-elf/5.3.0/../../../../../H-x86_64-mingw32/nios2-elf/lib\libc.a(lib_a-wsetup.o)
 .bss           0x0000000001029270        0x0 k:/intelfpga/18.1/nios2eds/bin/gnu/h-x86_64-mingw32/bin/../lib/gcc/nios2-elf/5.3.0/../../../../../H-x86_64-mingw32/nios2-elf/lib\libc.a(closer.o)
 .bss           0x0000000001029270        0x0 k:/intelfpga/18.1/nios2eds/bin/gnu/h-x86_64-mingw32/bin/../lib/gcc/nios2-elf/5.3.0/../../../../../H-x86_64-mingw32/nios2-elf/lib\libc.a(lib_a-fclose.o)
 .bss           0x0000000001029270        0x0 k:/intelfpga/18.1/nios2eds/bin/gnu/h-x86_64-mingw32/bin/../lib/gcc/nios2-elf/5.3.0/../../../../../H-x86_64-mingw32/nios2-elf/lib\libc.a(lib_a-fflush.o)
 .bss           0x0000000001029270        0x0 k:/intelfpga/18.1/nios2eds/bin/gnu/h-x86_64-mingw32/bin/../lib/gcc/nios2-elf/5.3.0/../../../../../H-x86_64-mingw32/nios2-elf/lib\libc.a(lib_a-freer.o)
 .bss           0x0000000001029270        0x0 k:/intelfpga/18.1/nios2eds/bin/gnu/h-x86_64-mingw32/bin/../lib/gcc/nios2-elf/5.3.0/../../../../../H-x86_64-mingw32/nios2-elf/lib\libc.a(lib_a-int_errno.o)
 .bss           0x0000000001029270        0x0 k:/intelfpga/18.1/nios2eds/bin/gnu/h-x86_64-mingw32/bin/../lib/gcc/nios2-elf/5.3.0/../../../../../H-x86_64-mingw32/nios2-elf/lib\libc.a(lib_a-lseekr.o)
 .bss           0x0000000001029270        0x0 k:/intelfpga/18.1/nios2eds/bin/gnu/h-x86_64-mingw32/bin/../lib/gcc/nios2-elf/5.3.0/../../../../../H-x86_64-mingw32/nios2-elf/lib\libc.a(lib_a-makebuf.o)
 .bss           0x0000000001029270        0x0 k:/intelfpga/18.1/nios2eds/bin/gnu/h-x86_64-mingw32/bin/../lib/gcc/nios2-elf/5.3.0/../../../../../H-x86_64-mingw32/nios2-elf/lib\libc.a(lib_a-readr.o)
 .bss           0x0000000001029270        0x0 k:/intelfpga/18.1/nios2eds/bin/gnu/h-x86_64-mingw32/bin/../lib/gcc/nios2-elf/5.3.0/../../../../../H-x86_64-mingw32/nios2-elf/lib\libc.a(lib_a-fstatr.o)
 .bss           0x0000000001029270        0x0 k:/intelfpga/18.1/nios2eds/bin/gnu/h-x86_64-mingw32/bin/../lib/gcc/nios2-elf/5.3.0/../../../../../H-x86_64-mingw32/nios2-elf/lib\libc.a(lib_a-isattyr.o)
 .bss           0x0000000001029270        0x0 k:/intelfpga/18.1/nios2eds/bin/gnu/h-x86_64-mingw32/bin/../lib/gcc/nios2-elf/5.3.0\libgcc.a(lib2-divmod.o)
 .bss           0x0000000001029270        0x0 ../WS2812_Test_bsp/\libhal_bsp.a(alt_close.o)
 .bss           0x0000000001029270        0x0 ../WS2812_Test_bsp/\libhal_bsp.a(alt_dev.o)
 .bss           0x0000000001029270        0x0 ../WS2812_Test_bsp/\libhal_bsp.a(alt_errno.o)
 .bss           0x0000000001029270        0x0 ../WS2812_Test_bsp/\libhal_bsp.a(alt_fstat.o)
 .bss           0x0000000001029270        0x0 ../WS2812_Test_bsp/\libhal_bsp.a(alt_isatty.o)
 .bss           0x0000000001029270        0x0 ../WS2812_Test_bsp/\libhal_bsp.a(alt_load.o)
 .bss           0x0000000001029270        0x0 ../WS2812_Test_bsp/\libhal_bsp.a(alt_lseek.o)
 .bss           0x0000000001029270        0x0 ../WS2812_Test_bsp/\libhal_bsp.a(alt_main.o)
 .bss           0x0000000001029270        0x0 ../WS2812_Test_bsp/\libhal_bsp.a(alt_malloc_lock.o)
 .bss           0x0000000001029270        0x0 ../WS2812_Test_bsp/\libhal_bsp.a(alt_read.o)
 .bss           0x0000000001029270        0x0 ../WS2812_Test_bsp/\libhal_bsp.a(alt_release_fd.o)
 .bss           0x0000000001029270        0x0 ../WS2812_Test_bsp/\libhal_bsp.a(alt_sbrk.o)
 .bss           0x0000000001029270        0x0 ../WS2812_Test_bsp/\libhal_bsp.a(alt_usleep.o)
 .bss           0x0000000001029270        0x0 ../WS2812_Test_bsp/\libhal_bsp.a(alt_write.o)
 .bss           0x0000000001029270        0x0 ../WS2812_Test_bsp/\libhal_bsp.a(alt_sys_init.o)
 .bss           0x0000000001029270        0x0 ../WS2812_Test_bsp/\libhal_bsp.a(altera_avalon_jtag_uart_fd.o)
 .bss           0x0000000001029270        0x0 ../WS2812_Test_bsp/\libhal_bsp.a(altera_avalon_jtag_uart_init.o)
 .bss           0x0000000001029270        0x0 ../WS2812_Test_bsp/\libhal_bsp.a(altera_avalon_jtag_uart_ioctl.o)
 .bss           0x0000000001029270        0x0 ../WS2812_Test_bsp/\libhal_bsp.a(altera_avalon_jtag_uart_read.o)
 .bss           0x0000000001029270        0x0 ../WS2812_Test_bsp/\libhal_bsp.a(altera_avalon_jtag_uart_write.o)
 .bss           0x0000000001029270        0x0 ../WS2812_Test_bsp/\libhal_bsp.a(altera_avalon_timer_sc.o)
 .bss           0x0000000001029270        0x0 ../WS2812_Test_bsp/\libhal_bsp.a(alt_alarm_start.o)
 .bss           0x0000000001029270        0x0 ../WS2812_Test_bsp/\libhal_bsp.a(alt_busy_sleep.o)
 .bss           0x0000000001029270        0x0 ../WS2812_Test_bsp/\libhal_bsp.a(alt_dcache_flush_all.o)
 .bss           0x0000000001029270        0x0 ../WS2812_Test_bsp/\libhal_bsp.a(alt_dev_llist_insert.o)
 .bss           0x0000000001029270        0x0 ../WS2812_Test_bsp/\libhal_bsp.a(alt_do_ctors.o)
 .bss           0x0000000001029270        0x0 ../WS2812_Test_bsp/\libhal_bsp.a(alt_do_dtors.o)
 .bss           0x0000000001029270        0x0 ../WS2812_Test_bsp/\libhal_bsp.a(alt_icache_flush_all.o)
 .bss           0x0000000001029270        0x0 ../WS2812_Test_bsp/\libhal_bsp.a(alt_iic.o)
 .bss           0x0000000001029270        0x0 ../WS2812_Test_bsp/\libhal_bsp.a(alt_iic_isr_register.o)
 .bss           0x0000000001029270        0x0 ../WS2812_Test_bsp/\libhal_bsp.a(alt_io_redirect.o)
 .bss           0x0000000001029270        0x0 ../WS2812_Test_bsp/\libhal_bsp.a(alt_irq_entry.o)
 .bss           0x0000000001029270        0x0 ../WS2812_Test_bsp/\libhal_bsp.a(alt_irq_handler.o)
 .bss           0x0000000001029270        0x0 ../WS2812_Test_bsp/\libhal_bsp.a(alt_irq_vars.o)
 .bss           0x0000000001029270        0x0 ../WS2812_Test_bsp/\libhal_bsp.a(alt_open.o)
 .bss           0x0000000001029270        0x0 ../WS2812_Test_bsp/\libhal_bsp.a(alt_tick.o)
 .bss           0x0000000001029270        0x0 ../WS2812_Test_bsp/\libhal_bsp.a(altera_nios2_gen2_irq.o)
 .bss           0x0000000001029270        0x0 ../WS2812_Test_bsp/\libhal_bsp.a(alt_exception_entry.o)
 .bss           0x0000000001029270        0x0 ../WS2812_Test_bsp/\libhal_bsp.a(alt_find_dev.o)
 .bss           0x0000000001029270        0x0 ../WS2812_Test_bsp/\libhal_bsp.a(alt_find_file.o)
 .bss           0x0000000001029270        0x0 ../WS2812_Test_bsp/\libhal_bsp.a(alt_get_fd.o)
 .bss           0x0000000001029270        0x0 ../WS2812_Test_bsp/\libhal_bsp.a(alt_icache_flush.o)
 .bss           0x0000000001029270        0x0 ../WS2812_Test_bsp/\libhal_bsp.a(alt_instruction_exception_entry.o)
 .bss           0x0000000001029270        0x0 k:/intelfpga/18.1/nios2eds/bin/gnu/h-x86_64-mingw32/bin/../lib/gcc/nios2-elf/5.3.0/../../../../../H-x86_64-mingw32/nios2-elf/lib\libc.a(lib_a-atexit.o)
 .bss           0x0000000001029270        0x0 k:/intelfpga/18.1/nios2eds/bin/gnu/h-x86_64-mingw32/bin/../lib/gcc/nios2-elf/5.3.0/../../../../../H-x86_64-mingw32/nios2-elf/lib\libc.a(lib_a-exit.o)
 .bss           0x0000000001029270        0x0 k:/intelfpga/18.1/nios2eds/bin/gnu/h-x86_64-mingw32/bin/../lib/gcc/nios2-elf/5.3.0/../../../../../H-x86_64-mingw32/nios2-elf/lib\libc.a(lib_a-memcmp.o)
 .bss           0x0000000001029270        0x0 k:/intelfpga/18.1/nios2eds/bin/gnu/h-x86_64-mingw32/bin/../lib/gcc/nios2-elf/5.3.0/../../../../../H-x86_64-mingw32/nios2-elf/lib\libc.a(lib_a-__atexit.o)
 .bss           0x0000000001029270        0x0 k:/intelfpga/18.1/nios2eds/bin/gnu/h-x86_64-mingw32/bin/../lib/gcc/nios2-elf/5.3.0/../../../../../H-x86_64-mingw32/nios2-elf/lib\libc.a(lib_a-__call_atexit.o)
 .bss           0x0000000001029270        0x0 ../WS2812_Test_bsp/\libhal_bsp.a(alt_exit.o)
 *(COMMON)
 COMMON         0x0000000001029270      0x100 ../WS2812_Test_bsp/\libhal_bsp.a(alt_irq_handler.o)
                0x0000000001029270                alt_irq
                0x0000000001029370                . = ALIGN (0x4)
                0x0000000001029370                __bss_end = ABSOLUTE (.)

.onchip_memory2
                0x0000000001029370        0x0
                [!provide]                        PROVIDE (_alt_partition_onchip_memory2_start, ABSOLUTE (.))
 *(.onchip_memory2 .onchip_memory2. onchip_memory2.*)
                0x0000000001029370                . = ALIGN (0x4)
                [!provide]                        PROVIDE (_alt_partition_onchip_memory2_end, ABSOLUTE (.))
                0x0000000001029370                _end = ABSOLUTE (.)
                0x0000000001029370                end = ABSOLUTE (.)
                0x0000000001029370                __alt_stack_base = ABSOLUTE (.)
                [!provide]                        PROVIDE (_alt_partition_onchip_memory2_load_addr, LOADADDR (.onchip_memory2))

.stab
 *(.stab)

.stabstr
 *(.stabstr)

.stab.excl
 *(.stab.excl)

.stab.exclstr
 *(.stab.exclstr)

.stab.index
 *(.stab.index)

.stab.indexstr
 *(.stab.indexstr)

.comment        0x0000000000000000       0x23
 *(.comment)
 .comment       0x0000000000000000       0x23 obj/default/main.o
                                         0x24 (size before relaxing)
 .comment       0x0000000000000023       0x24 k:/intelfpga/18.1/nios2eds/bin/gnu/h-x86_64-mingw32/bin/../lib/gcc/nios2-elf/5.3.0/../../../../../H-x86_64-mingw32/nios2-elf/lib\libc.a(lib_a-puts.o)
 .comment       0x0000000000000023       0x24 k:/intelfpga/18.1/nios2eds/bin/gnu/h-x86_64-mingw32/bin/../lib/gcc/nios2-elf/5.3.0/../../../../../H-x86_64-mingw32/nios2-elf/lib\libc.a(lib_a-strlen.o)
 .comment       0x0000000000000023       0x24 k:/intelfpga/18.1/nios2eds/bin/gnu/h-x86_64-mingw32/bin/../lib/gcc/nios2-elf/5.3.0/../../../../../H-x86_64-mingw32/nios2-elf/lib\libc.a(lib_a-findfp.o)
 .comment       0x0000000000000023       0x24 k:/intelfpga/18.1/nios2eds/bin/gnu/h-x86_64-mingw32/bin/../lib/gcc/nios2-elf/5.3.0/../../../../../H-x86_64-mingw32/nios2-elf/lib\libc.a(lib_a-fvwrite.o)
 .comment       0x0000000000000023       0x24 k:/intelfpga/18.1/nios2eds/bin/gnu/h-x86_64-mingw32/bin/../lib/gcc/nios2-elf/5.3.0/../../../../../H-x86_64-mingw32/nios2-elf/lib\libc.a(lib_a-fwalk.o)
 .comment       0x0000000000000023       0x24 k:/intelfpga/18.1/nios2eds/bin/gnu/h-x86_64-mingw32/bin/../lib/gcc/nios2-elf/5.3.0/../../../../../H-x86_64-mingw32/nios2-elf/lib\libc.a(lib_a-impure.o)
 .comment       0x0000000000000023       0x24 k:/intelfpga/18.1/nios2eds/bin/gnu/h-x86_64-mingw32/bin/../lib/gcc/nios2-elf/5.3.0/../../../../../H-x86_64-mingw32/nios2-elf/lib\libc.a(lib_a-mallocr.o)
 .comment       0x0000000000000023       0x24 k:/intelfpga/18.1/nios2eds/bin/gnu/h-x86_64-mingw32/bin/../lib/gcc/nios2-elf/5.3.0/../../../../../H-x86_64-mingw32/nios2-elf/lib\libc.a(lib_a-memchr.o)
 .comment       0x0000000000000023       0x24 k:/intelfpga/18.1/nios2eds/bin/gnu/h-x86_64-mingw32/bin/../lib/gcc/nios2-elf/5.3.0/../../../../../H-x86_64-mingw32/nios2-elf/lib\libc.a(lib_a-memcpy.o)
 .comment       0x0000000000000023       0x24 k:/intelfpga/18.1/nios2eds/bin/gnu/h-x86_64-mingw32/bin/../lib/gcc/nios2-elf/5.3.0/../../../../../H-x86_64-mingw32/nios2-elf/lib\libc.a(lib_a-memmove.o)
 .comment       0x0000000000000023       0x24 k:/intelfpga/18.1/nios2eds/bin/gnu/h-x86_64-mingw32/bin/../lib/gcc/nios2-elf/5.3.0/../../../../../H-x86_64-mingw32/nios2-elf/lib\libc.a(lib_a-memset.o)
 .comment       0x0000000000000023       0x24 k:/intelfpga/18.1/nios2eds/bin/gnu/h-x86_64-mingw32/bin/../lib/gcc/nios2-elf/5.3.0/../../../../../H-x86_64-mingw32/nios2-elf/lib\libc.a(lib_a-reallocr.o)
 .comment       0x0000000000000023       0x24 k:/intelfpga/18.1/nios2eds/bin/gnu/h-x86_64-mingw32/bin/../lib/gcc/nios2-elf/5.3.0/../../../../../H-x86_64-mingw32/nios2-elf/lib\libc.a(lib_a-sbrkr.o)
 .comment       0x0000000000000023       0x24 k:/intelfpga/18.1/nios2eds/bin/gnu/h-x86_64-mingw32/bin/../lib/gcc/nios2-elf/5.3.0/../../../../../H-x86_64-mingw32/nios2-elf/lib\libc.a(lib_a-stdio.o)
 .comment       0x0000000000000023       0x24 k:/intelfpga/18.1/nios2eds/bin/gnu/h-x86_64-mingw32/bin/../lib/gcc/nios2-elf/5.3.0/../../../../../H-x86_64-mingw32/nios2-elf/lib\libc.a(lib_a-writer.o)
 .comment       0x0000000000000023       0x24 k:/intelfpga/18.1/nios2eds/bin/gnu/h-x86_64-mingw32/bin/../lib/gcc/nios2-elf/5.3.0/../../../../../H-x86_64-mingw32/nios2-elf/lib\libc.a(lib_a-wsetup.o)
 .comment       0x0000000000000023       0x24 k:/intelfpga/18.1/nios2eds/bin/gnu/h-x86_64-mingw32/bin/../lib/gcc/nios2-elf/5.3.0/../../../../../H-x86_64-mingw32/nios2-elf/lib\libc.a(closer.o)
 .comment       0x0000000000000023       0x24 k:/intelfpga/18.1/nios2eds/bin/gnu/h-x86_64-mingw32/bin/../lib/gcc/nios2-elf/5.3.0/../../../../../H-x86_64-mingw32/nios2-elf/lib\libc.a(lib_a-fclose.o)
 .comment       0x0000000000000023       0x24 k:/intelfpga/18.1/nios2eds/bin/gnu/h-x86_64-mingw32/bin/../lib/gcc/nios2-elf/5.3.0/../../../../../H-x86_64-mingw32/nios2-elf/lib\libc.a(lib_a-fflush.o)
 .comment       0x0000000000000023       0x24 k:/intelfpga/18.1/nios2eds/bin/gnu/h-x86_64-mingw32/bin/../lib/gcc/nios2-elf/5.3.0/../../../../../H-x86_64-mingw32/nios2-elf/lib\libc.a(lib_a-freer.o)
 .comment       0x0000000000000023       0x24 k:/intelfpga/18.1/nios2eds/bin/gnu/h-x86_64-mingw32/bin/../lib/gcc/nios2-elf/5.3.0/../../../../../H-x86_64-mingw32/nios2-elf/lib\libc.a(lib_a-int_errno.o)
 .comment       0x0000000000000023       0x24 k:/intelfpga/18.1/nios2eds/bin/gnu/h-x86_64-mingw32/bin/../lib/gcc/nios2-elf/5.3.0/../../../../../H-x86_64-mingw32/nios2-elf/lib\libc.a(lib_a-lseekr.o)
 .comment       0x0000000000000023       0x24 k:/intelfpga/18.1/nios2eds/bin/gnu/h-x86_64-mingw32/bin/../lib/gcc/nios2-elf/5.3.0/../../../../../H-x86_64-mingw32/nios2-elf/lib\libc.a(lib_a-makebuf.o)
 .comment       0x0000000000000023       0x24 k:/intelfpga/18.1/nios2eds/bin/gnu/h-x86_64-mingw32/bin/../lib/gcc/nios2-elf/5.3.0/../../../../../H-x86_64-mingw32/nios2-elf/lib\libc.a(lib_a-readr.o)
 .comment       0x0000000000000023       0x24 k:/intelfpga/18.1/nios2eds/bin/gnu/h-x86_64-mingw32/bin/../lib/gcc/nios2-elf/5.3.0/../../../../../H-x86_64-mingw32/nios2-elf/lib\libc.a(lib_a-fstatr.o)
 .comment       0x0000000000000023       0x24 k:/intelfpga/18.1/nios2eds/bin/gnu/h-x86_64-mingw32/bin/../lib/gcc/nios2-elf/5.3.0/../../../../../H-x86_64-mingw32/nios2-elf/lib\libc.a(lib_a-isattyr.o)
 .comment       0x0000000000000023       0x24 k:/intelfpga/18.1/nios2eds/bin/gnu/h-x86_64-mingw32/bin/../lib/gcc/nios2-elf/5.3.0\libgcc.a(lib2-divmod.o)
 .comment       0x0000000000000023       0x24 ../WS2812_Test_bsp/\libhal_bsp.a(alt_close.o)
 .comment       0x0000000000000023       0x24 ../WS2812_Test_bsp/\libhal_bsp.a(alt_dev.o)
 .comment       0x0000000000000023       0x24 ../WS2812_Test_bsp/\libhal_bsp.a(alt_errno.o)
 .comment       0x0000000000000023       0x24 ../WS2812_Test_bsp/\libhal_bsp.a(alt_fstat.o)
 .comment       0x0000000000000023       0x24 ../WS2812_Test_bsp/\libhal_bsp.a(alt_isatty.o)
 .comment       0x0000000000000023       0x24 ../WS2812_Test_bsp/\libhal_bsp.a(alt_load.o)
 .comment       0x0000000000000023       0x24 ../WS2812_Test_bsp/\libhal_bsp.a(alt_lseek.o)
 .comment       0x0000000000000023       0x24 ../WS2812_Test_bsp/\libhal_bsp.a(alt_main.o)
 .comment       0x0000000000000023       0x24 ../WS2812_Test_bsp/\libhal_bsp.a(alt_malloc_lock.o)
 .comment       0x0000000000000023       0x24 ../WS2812_Test_bsp/\libhal_bsp.a(alt_read.o)
 .comment       0x0000000000000023       0x24 ../WS2812_Test_bsp/\libhal_bsp.a(alt_release_fd.o)
 .comment       0x0000000000000023       0x24 ../WS2812_Test_bsp/\libhal_bsp.a(alt_sbrk.o)
 .comment       0x0000000000000023       0x24 ../WS2812_Test_bsp/\libhal_bsp.a(alt_usleep.o)
 .comment       0x0000000000000023       0x24 ../WS2812_Test_bsp/\libhal_bsp.a(alt_write.o)
 .comment       0x0000000000000023       0x24 ../WS2812_Test_bsp/\libhal_bsp.a(alt_sys_init.o)
 .comment       0x0000000000000023       0x24 ../WS2812_Test_bsp/\libhal_bsp.a(altera_avalon_jtag_uart_fd.o)
 .comment       0x0000000000000023       0x24 ../WS2812_Test_bsp/\libhal_bsp.a(altera_avalon_jtag_uart_init.o)
 .comment       0x0000000000000023       0x24 ../WS2812_Test_bsp/\libhal_bsp.a(altera_avalon_jtag_uart_ioctl.o)
 .comment       0x0000000000000023       0x24 ../WS2812_Test_bsp/\libhal_bsp.a(altera_avalon_jtag_uart_read.o)
 .comment       0x0000000000000023       0x24 ../WS2812_Test_bsp/\libhal_bsp.a(altera_avalon_jtag_uart_write.o)
 .comment       0x0000000000000023       0x24 ../WS2812_Test_bsp/\libhal_bsp.a(altera_avalon_timer_sc.o)
 .comment       0x0000000000000023       0x24 ../WS2812_Test_bsp/\libhal_bsp.a(alt_alarm_start.o)
 .comment       0x0000000000000023       0x24 ../WS2812_Test_bsp/\libhal_bsp.a(alt_busy_sleep.o)
 .comment       0x0000000000000023       0x24 ../WS2812_Test_bsp/\libhal_bsp.a(alt_dcache_flush_all.o)
 .comment       0x0000000000000023       0x24 ../WS2812_Test_bsp/\libhal_bsp.a(alt_dev_llist_insert.o)
 .comment       0x0000000000000023       0x24 ../WS2812_Test_bsp/\libhal_bsp.a(alt_do_ctors.o)
 .comment       0x0000000000000023       0x24 ../WS2812_Test_bsp/\libhal_bsp.a(alt_do_dtors.o)
 .comment       0x0000000000000023       0x24 ../WS2812_Test_bsp/\libhal_bsp.a(alt_icache_flush_all.o)
 .comment       0x0000000000000023       0x24 ../WS2812_Test_bsp/\libhal_bsp.a(alt_iic.o)
 .comment       0x0000000000000023       0x24 ../WS2812_Test_bsp/\libhal_bsp.a(alt_iic_isr_register.o)
 .comment       0x0000000000000023       0x24 ../WS2812_Test_bsp/\libhal_bsp.a(alt_io_redirect.o)
 .comment       0x0000000000000023       0x24 ../WS2812_Test_bsp/\libhal_bsp.a(alt_irq_handler.o)
 .comment       0x0000000000000023       0x24 ../WS2812_Test_bsp/\libhal_bsp.a(alt_irq_vars.o)
 .comment       0x0000000000000023       0x24 ../WS2812_Test_bsp/\libhal_bsp.a(alt_open.o)
 .comment       0x0000000000000023       0x24 ../WS2812_Test_bsp/\libhal_bsp.a(alt_tick.o)
 .comment       0x0000000000000023       0x24 ../WS2812_Test_bsp/\libhal_bsp.a(altera_nios2_gen2_irq.o)
 .comment       0x0000000000000023       0x24 ../WS2812_Test_bsp/\libhal_bsp.a(alt_find_dev.o)
 .comment       0x0000000000000023       0x24 ../WS2812_Test_bsp/\libhal_bsp.a(alt_find_file.o)
 .comment       0x0000000000000023       0x24 ../WS2812_Test_bsp/\libhal_bsp.a(alt_get_fd.o)
 .comment       0x0000000000000023       0x24 ../WS2812_Test_bsp/\libhal_bsp.a(alt_icache_flush.o)
 .comment       0x0000000000000023       0x24 ../WS2812_Test_bsp/\libhal_bsp.a(alt_instruction_exception_entry.o)
 .comment       0x0000000000000023       0x24 k:/intelfpga/18.1/nios2eds/bin/gnu/h-x86_64-mingw32/bin/../lib/gcc/nios2-elf/5.3.0/../../../../../H-x86_64-mingw32/nios2-elf/lib\libc.a(lib_a-atexit.o)
 .comment       0x0000000000000023       0x24 k:/intelfpga/18.1/nios2eds/bin/gnu/h-x86_64-mingw32/bin/../lib/gcc/nios2-elf/5.3.0/../../../../../H-x86_64-mingw32/nios2-elf/lib\libc.a(lib_a-exit.o)
 .comment       0x0000000000000023       0x24 k:/intelfpga/18.1/nios2eds/bin/gnu/h-x86_64-mingw32/bin/../lib/gcc/nios2-elf/5.3.0/../../../../../H-x86_64-mingw32/nios2-elf/lib\libc.a(lib_a-memcmp.o)
 .comment       0x0000000000000023       0x24 k:/intelfpga/18.1/nios2eds/bin/gnu/h-x86_64-mingw32/bin/../lib/gcc/nios2-elf/5.3.0/../../../../../H-x86_64-mingw32/nios2-elf/lib\libc.a(lib_a-__atexit.o)
 .comment       0x0000000000000023       0x24 k:/intelfpga/18.1/nios2eds/bin/gnu/h-x86_64-mingw32/bin/../lib/gcc/nios2-elf/5.3.0/../../../../../H-x86_64-mingw32/nios2-elf/lib\libc.a(lib_a-__call_atexit.o)
 .comment       0x0000000000000023       0x24 ../WS2812_Test_bsp/\libhal_bsp.a(alt_exit.o)

.debug
 *(.debug)

.line
 *(.line)

.debug_srcinfo
 *(.debug_srcinfo)

.debug_sfnames
 *(.debug_sfnames)

.debug_aranges  0x0000000000000000      0xa70
 *(.debug_aranges)
 .debug_aranges
                0x0000000000000000       0x28 ../WS2812_Test_bsp//obj/HAL/src/crt0.o
 .debug_aranges
                0x0000000000000028       0x20 obj/default/main.o
 .debug_aranges
                0x0000000000000048       0x28 k:/intelfpga/18.1/nios2eds/bin/gnu/h-x86_64-mingw32/bin/../lib/gcc/nios2-elf/5.3.0/../../../../../H-x86_64-mingw32/nios2-elf/lib\libc.a(lib_a-puts.o)
 .debug_aranges
                0x0000000000000070       0x20 k:/intelfpga/18.1/nios2eds/bin/gnu/h-x86_64-mingw32/bin/../lib/gcc/nios2-elf/5.3.0/../../../../../H-x86_64-mingw32/nios2-elf/lib\libc.a(lib_a-strlen.o)
 .debug_aranges
                0x0000000000000090       0x68 k:/intelfpga/18.1/nios2eds/bin/gnu/h-x86_64-mingw32/bin/../lib/gcc/nios2-elf/5.3.0/../../../../../H-x86_64-mingw32/nios2-elf/lib\libc.a(lib_a-findfp.o)
 .debug_aranges
                0x00000000000000f8       0x20 k:/intelfpga/18.1/nios2eds/bin/gnu/h-x86_64-mingw32/bin/../lib/gcc/nios2-elf/5.3.0/../../../../../H-x86_64-mingw32/nios2-elf/lib\libc.a(lib_a-fvwrite.o)
 .debug_aranges
                0x0000000000000118       0x28 k:/intelfpga/18.1/nios2eds/bin/gnu/h-x86_64-mingw32/bin/../lib/gcc/nios2-elf/5.3.0/../../../../../H-x86_64-mingw32/nios2-elf/lib\libc.a(lib_a-fwalk.o)
 .debug_aranges
                0x0000000000000140       0x18 k:/intelfpga/18.1/nios2eds/bin/gnu/h-x86_64-mingw32/bin/../lib/gcc/nios2-elf/5.3.0/../../../../../H-x86_64-mingw32/nios2-elf/lib\libc.a(lib_a-impure.o)
 .debug_aranges
                0x0000000000000158       0x20 k:/intelfpga/18.1/nios2eds/bin/gnu/h-x86_64-mingw32/bin/../lib/gcc/nios2-elf/5.3.0/../../../../../H-x86_64-mingw32/nios2-elf/lib\libc.a(lib_a-mallocr.o)
 .debug_aranges
                0x0000000000000178       0x20 k:/intelfpga/18.1/nios2eds/bin/gnu/h-x86_64-mingw32/bin/../lib/gcc/nios2-elf/5.3.0/../../../../../H-x86_64-mingw32/nios2-elf/lib\libc.a(lib_a-memchr.o)
 .debug_aranges
                0x0000000000000198       0x20 k:/intelfpga/18.1/nios2eds/bin/gnu/h-x86_64-mingw32/bin/../lib/gcc/nios2-elf/5.3.0/../../../../../H-x86_64-mingw32/nios2-elf/lib\libc.a(lib_a-memcpy.o)
 .debug_aranges
                0x00000000000001b8       0x20 k:/intelfpga/18.1/nios2eds/bin/gnu/h-x86_64-mingw32/bin/../lib/gcc/nios2-elf/5.3.0/../../../../../H-x86_64-mingw32/nios2-elf/lib\libc.a(lib_a-memmove.o)
 .debug_aranges
                0x00000000000001d8       0x20 k:/intelfpga/18.1/nios2eds/bin/gnu/h-x86_64-mingw32/bin/../lib/gcc/nios2-elf/5.3.0/../../../../../H-x86_64-mingw32/nios2-elf/lib\libc.a(lib_a-memset.o)
 .debug_aranges
                0x00000000000001f8       0x20 k:/intelfpga/18.1/nios2eds/bin/gnu/h-x86_64-mingw32/bin/../lib/gcc/nios2-elf/5.3.0/../../../../../H-x86_64-mingw32/nios2-elf/lib\libc.a(lib_a-reallocr.o)
 .debug_aranges
                0x0000000000000218       0x20 k:/intelfpga/18.1/nios2eds/bin/gnu/h-x86_64-mingw32/bin/../lib/gcc/nios2-elf/5.3.0/../../../../../H-x86_64-mingw32/nios2-elf/lib\libc.a(lib_a-sbrkr.o)
 .debug_aranges
                0x0000000000000238       0x40 k:/intelfpga/18.1/nios2eds/bin/gnu/h-x86_64-mingw32/bin/../lib/gcc/nios2-elf/5.3.0/../../../../../H-x86_64-mingw32/nios2-elf/lib\libc.a(lib_a-stdio.o)
 .debug_aranges
                0x0000000000000278       0x20 k:/intelfpga/18.1/nios2eds/bin/gnu/h-x86_64-mingw32/bin/../lib/gcc/nios2-elf/5.3.0/../../../../../H-x86_64-mingw32/nios2-elf/lib\libc.a(lib_a-writer.o)
 .debug_aranges
                0x0000000000000298       0x20 k:/intelfpga/18.1/nios2eds/bin/gnu/h-x86_64-mingw32/bin/../lib/gcc/nios2-elf/5.3.0/../../../../../H-x86_64-mingw32/nios2-elf/lib\libc.a(lib_a-wsetup.o)
 .debug_aranges
                0x00000000000002b8       0x20 k:/intelfpga/18.1/nios2eds/bin/gnu/h-x86_64-mingw32/bin/../lib/gcc/nios2-elf/5.3.0/../../../../../H-x86_64-mingw32/nios2-elf/lib\libc.a(closer.o)
 .debug_aranges
                0x00000000000002d8       0x28 k:/intelfpga/18.1/nios2eds/bin/gnu/h-x86_64-mingw32/bin/../lib/gcc/nios2-elf/5.3.0/../../../../../H-x86_64-mingw32/nios2-elf/lib\libc.a(lib_a-fclose.o)
 .debug_aranges
                0x0000000000000300       0x30 k:/intelfpga/18.1/nios2eds/bin/gnu/h-x86_64-mingw32/bin/../lib/gcc/nios2-elf/5.3.0/../../../../../H-x86_64-mingw32/nios2-elf/lib\libc.a(lib_a-fflush.o)
 .debug_aranges
                0x0000000000000330       0x28 k:/intelfpga/18.1/nios2eds/bin/gnu/h-x86_64-mingw32/bin/../lib/gcc/nios2-elf/5.3.0/../../../../../H-x86_64-mingw32/nios2-elf/lib\libc.a(lib_a-freer.o)
 .debug_aranges
                0x0000000000000358       0x18 k:/intelfpga/18.1/nios2eds/bin/gnu/h-x86_64-mingw32/bin/../lib/gcc/nios2-elf/5.3.0/../../../../../H-x86_64-mingw32/nios2-elf/lib\libc.a(lib_a-int_errno.o)
 .debug_aranges
                0x0000000000000370       0x20 k:/intelfpga/18.1/nios2eds/bin/gnu/h-x86_64-mingw32/bin/../lib/gcc/nios2-elf/5.3.0/../../../../../H-x86_64-mingw32/nios2-elf/lib\libc.a(lib_a-lseekr.o)
 .debug_aranges
                0x0000000000000390       0x20 k:/intelfpga/18.1/nios2eds/bin/gnu/h-x86_64-mingw32/bin/../lib/gcc/nios2-elf/5.3.0/../../../../../H-x86_64-mingw32/nios2-elf/lib\libc.a(lib_a-makebuf.o)
 .debug_aranges
                0x00000000000003b0       0x20 k:/intelfpga/18.1/nios2eds/bin/gnu/h-x86_64-mingw32/bin/../lib/gcc/nios2-elf/5.3.0/../../../../../H-x86_64-mingw32/nios2-elf/lib\libc.a(lib_a-readr.o)
 .debug_aranges
                0x00000000000003d0       0x20 k:/intelfpga/18.1/nios2eds/bin/gnu/h-x86_64-mingw32/bin/../lib/gcc/nios2-elf/5.3.0/../../../../../H-x86_64-mingw32/nios2-elf/lib\libc.a(lib_a-fstatr.o)
 .debug_aranges
                0x00000000000003f0       0x20 k:/intelfpga/18.1/nios2eds/bin/gnu/h-x86_64-mingw32/bin/../lib/gcc/nios2-elf/5.3.0/../../../../../H-x86_64-mingw32/nios2-elf/lib\libc.a(lib_a-isattyr.o)
 .debug_aranges
                0x0000000000000410       0x20 k:/intelfpga/18.1/nios2eds/bin/gnu/h-x86_64-mingw32/bin/../lib/gcc/nios2-elf/5.3.0\libgcc.a(lib2-divmod.o)
 .debug_aranges
                0x0000000000000430       0x20 ../WS2812_Test_bsp/\libhal_bsp.a(alt_close.o)
 .debug_aranges
                0x0000000000000450       0x20 ../WS2812_Test_bsp/\libhal_bsp.a(alt_dev.o)
 .debug_aranges
                0x0000000000000470       0x18 ../WS2812_Test_bsp/\libhal_bsp.a(alt_errno.o)
 .debug_aranges
                0x0000000000000488       0x20 ../WS2812_Test_bsp/\libhal_bsp.a(alt_fstat.o)
 .debug_aranges
                0x00000000000004a8       0x20 ../WS2812_Test_bsp/\libhal_bsp.a(alt_isatty.o)
 .debug_aranges
                0x00000000000004c8       0x20 ../WS2812_Test_bsp/\libhal_bsp.a(alt_load.o)
 .debug_aranges
                0x00000000000004e8       0x20 ../WS2812_Test_bsp/\libhal_bsp.a(alt_lseek.o)
 .debug_aranges
                0x0000000000000508       0x20 ../WS2812_Test_bsp/\libhal_bsp.a(alt_main.o)
 .debug_aranges
                0x0000000000000528       0x20 ../WS2812_Test_bsp/\libhal_bsp.a(alt_malloc_lock.o)
 .debug_aranges
                0x0000000000000548       0x20 ../WS2812_Test_bsp/\libhal_bsp.a(alt_read.o)
 .debug_aranges
                0x0000000000000568       0x20 ../WS2812_Test_bsp/\libhal_bsp.a(alt_release_fd.o)
 .debug_aranges
                0x0000000000000588       0x20 ../WS2812_Test_bsp/\libhal_bsp.a(alt_sbrk.o)
 .debug_aranges
                0x00000000000005a8       0x20 ../WS2812_Test_bsp/\libhal_bsp.a(alt_usleep.o)
 .debug_aranges
                0x00000000000005c8       0x20 ../WS2812_Test_bsp/\libhal_bsp.a(alt_write.o)
 .debug_aranges
                0x00000000000005e8       0x20 ../WS2812_Test_bsp/\libhal_bsp.a(alt_sys_init.o)
 .debug_aranges
                0x0000000000000608       0x20 ../WS2812_Test_bsp/\libhal_bsp.a(altera_avalon_jtag_uart_fd.o)
 .debug_aranges
                0x0000000000000628       0x20 ../WS2812_Test_bsp/\libhal_bsp.a(altera_avalon_jtag_uart_init.o)
 .debug_aranges
                0x0000000000000648       0x20 ../WS2812_Test_bsp/\libhal_bsp.a(altera_avalon_jtag_uart_ioctl.o)
 .debug_aranges
                0x0000000000000668       0x20 ../WS2812_Test_bsp/\libhal_bsp.a(altera_avalon_jtag_uart_read.o)
 .debug_aranges
                0x0000000000000688       0x20 ../WS2812_Test_bsp/\libhal_bsp.a(altera_avalon_jtag_uart_write.o)
 .debug_aranges
                0x00000000000006a8       0x20 ../WS2812_Test_bsp/\libhal_bsp.a(altera_avalon_timer_sc.o)
 .debug_aranges
                0x00000000000006c8       0x20 ../WS2812_Test_bsp/\libhal_bsp.a(alt_alarm_start.o)
 .debug_aranges
                0x00000000000006e8       0x20 ../WS2812_Test_bsp/\libhal_bsp.a(alt_busy_sleep.o)
 .debug_aranges
                0x0000000000000708       0x20 ../WS2812_Test_bsp/\libhal_bsp.a(alt_dcache_flush_all.o)
 .debug_aranges
                0x0000000000000728       0x20 ../WS2812_Test_bsp/\libhal_bsp.a(alt_dev_llist_insert.o)
 .debug_aranges
                0x0000000000000748       0x20 ../WS2812_Test_bsp/\libhal_bsp.a(alt_do_ctors.o)
 .debug_aranges
                0x0000000000000768       0x20 ../WS2812_Test_bsp/\libhal_bsp.a(alt_do_dtors.o)
 .debug_aranges
                0x0000000000000788       0x20 ../WS2812_Test_bsp/\libhal_bsp.a(alt_icache_flush_all.o)
 .debug_aranges
                0x00000000000007a8       0x20 ../WS2812_Test_bsp/\libhal_bsp.a(alt_iic.o)
 .debug_aranges
                0x00000000000007c8       0x20 ../WS2812_Test_bsp/\libhal_bsp.a(alt_iic_isr_register.o)
 .debug_aranges
                0x00000000000007e8       0x20 ../WS2812_Test_bsp/\libhal_bsp.a(alt_io_redirect.o)
 .debug_aranges
                0x0000000000000808       0x30 ../WS2812_Test_bsp/\libhal_bsp.a(alt_irq_entry.o)
 .debug_aranges
                0x0000000000000838       0x20 ../WS2812_Test_bsp/\libhal_bsp.a(alt_irq_handler.o)
 .debug_aranges
                0x0000000000000858       0x18 ../WS2812_Test_bsp/\libhal_bsp.a(alt_irq_vars.o)
 .debug_aranges
                0x0000000000000870       0x20 ../WS2812_Test_bsp/\libhal_bsp.a(alt_open.o)
 .debug_aranges
                0x0000000000000890       0x20 ../WS2812_Test_bsp/\libhal_bsp.a(alt_tick.o)
 .debug_aranges
                0x00000000000008b0       0x20 ../WS2812_Test_bsp/\libhal_bsp.a(altera_nios2_gen2_irq.o)
 .debug_aranges
                0x00000000000008d0       0x38 ../WS2812_Test_bsp/\libhal_bsp.a(alt_exception_entry.o)
 .debug_aranges
                0x0000000000000908       0x20 ../WS2812_Test_bsp/\libhal_bsp.a(alt_find_dev.o)
 .debug_aranges
                0x0000000000000928       0x20 ../WS2812_Test_bsp/\libhal_bsp.a(alt_find_file.o)
 .debug_aranges
                0x0000000000000948       0x20 ../WS2812_Test_bsp/\libhal_bsp.a(alt_get_fd.o)
 .debug_aranges
                0x0000000000000968       0x20 ../WS2812_Test_bsp/\libhal_bsp.a(alt_icache_flush.o)
 .debug_aranges
                0x0000000000000988       0x28 ../WS2812_Test_bsp/\libhal_bsp.a(alt_instruction_exception_entry.o)
 .debug_aranges
                0x00000000000009b0       0x20 k:/intelfpga/18.1/nios2eds/bin/gnu/h-x86_64-mingw32/bin/../lib/gcc/nios2-elf/5.3.0/../../../../../H-x86_64-mingw32/nios2-elf/lib\libc.a(lib_a-atexit.o)
 .debug_aranges
                0x00000000000009d0       0x20 k:/intelfpga/18.1/nios2eds/bin/gnu/h-x86_64-mingw32/bin/../lib/gcc/nios2-elf/5.3.0/../../../../../H-x86_64-mingw32/nios2-elf/lib\libc.a(lib_a-exit.o)
 .debug_aranges
                0x00000000000009f0       0x20 k:/intelfpga/18.1/nios2eds/bin/gnu/h-x86_64-mingw32/bin/../lib/gcc/nios2-elf/5.3.0/../../../../../H-x86_64-mingw32/nios2-elf/lib\libc.a(lib_a-memcmp.o)
 .debug_aranges
                0x0000000000000a10       0x20 k:/intelfpga/18.1/nios2eds/bin/gnu/h-x86_64-mingw32/bin/../lib/gcc/nios2-elf/5.3.0/../../../../../H-x86_64-mingw32/nios2-elf/lib\libc.a(lib_a-__atexit.o)
 .debug_aranges
                0x0000000000000a30       0x20 k:/intelfpga/18.1/nios2eds/bin/gnu/h-x86_64-mingw32/bin/../lib/gcc/nios2-elf/5.3.0/../../../../../H-x86_64-mingw32/nios2-elf/lib\libc.a(lib_a-__call_atexit.o)
 .debug_aranges
                0x0000000000000a50       0x20 ../WS2812_Test_bsp/\libhal_bsp.a(alt_exit.o)

.debug_pubnames
 *(.debug_pubnames)

.debug_info     0x0000000000000000    0x167a4
 *(.debug_info .gnu.linkonce.wi.*)
 .debug_info    0x0000000000000000       0x5d ../WS2812_Test_bsp//obj/HAL/src/crt0.o
 .debug_info    0x000000000000005d      0x21e obj/default/main.o
 .debug_info    0x000000000000027b      0xa38 k:/intelfpga/18.1/nios2eds/bin/gnu/h-x86_64-mingw32/bin/../lib/gcc/nios2-elf/5.3.0/../../../../../H-x86_64-mingw32/nios2-elf/lib\libc.a(lib_a-puts.o)
 .debug_info    0x0000000000000cb3       0xe2 k:/intelfpga/18.1/nios2eds/bin/gnu/h-x86_64-mingw32/bin/../lib/gcc/nios2-elf/5.3.0/../../../../../H-x86_64-mingw32/nios2-elf/lib\libc.a(lib_a-strlen.o)
 .debug_info    0x0000000000000d95      0xd37 k:/intelfpga/18.1/nios2eds/bin/gnu/h-x86_64-mingw32/bin/../lib/gcc/nios2-elf/5.3.0/../../../../../H-x86_64-mingw32/nios2-elf/lib\libc.a(lib_a-findfp.o)
 .debug_info    0x0000000000001acc      0xbb8 k:/intelfpga/18.1/nios2eds/bin/gnu/h-x86_64-mingw32/bin/../lib/gcc/nios2-elf/5.3.0/../../../../../H-x86_64-mingw32/nios2-elf/lib\libc.a(lib_a-fvwrite.o)
 .debug_info    0x0000000000002684      0x9b0 k:/intelfpga/18.1/nios2eds/bin/gnu/h-x86_64-mingw32/bin/../lib/gcc/nios2-elf/5.3.0/../../../../../H-x86_64-mingw32/nios2-elf/lib\libc.a(lib_a-fwalk.o)
 .debug_info    0x0000000000003034      0x8a1 k:/intelfpga/18.1/nios2eds/bin/gnu/h-x86_64-mingw32/bin/../lib/gcc/nios2-elf/5.3.0/../../../../../H-x86_64-mingw32/nios2-elf/lib\libc.a(lib_a-impure.o)
 .debug_info    0x00000000000038d5      0xd57 k:/intelfpga/18.1/nios2eds/bin/gnu/h-x86_64-mingw32/bin/../lib/gcc/nios2-elf/5.3.0/../../../../../H-x86_64-mingw32/nios2-elf/lib\libc.a(lib_a-mallocr.o)
 .debug_info    0x000000000000462c      0x132 k:/intelfpga/18.1/nios2eds/bin/gnu/h-x86_64-mingw32/bin/../lib/gcc/nios2-elf/5.3.0/../../../../../H-x86_64-mingw32/nios2-elf/lib\libc.a(lib_a-memchr.o)
 .debug_info    0x000000000000475e      0x144 k:/intelfpga/18.1/nios2eds/bin/gnu/h-x86_64-mingw32/bin/../lib/gcc/nios2-elf/5.3.0/../../../../../H-x86_64-mingw32/nios2-elf/lib\libc.a(lib_a-memcpy.o)
 .debug_info    0x00000000000048a2      0x13a k:/intelfpga/18.1/nios2eds/bin/gnu/h-x86_64-mingw32/bin/../lib/gcc/nios2-elf/5.3.0/../../../../../H-x86_64-mingw32/nios2-elf/lib\libc.a(lib_a-memmove.o)
 .debug_info    0x00000000000049dc      0x121 k:/intelfpga/18.1/nios2eds/bin/gnu/h-x86_64-mingw32/bin/../lib/gcc/nios2-elf/5.3.0/../../../../../H-x86_64-mingw32/nios2-elf/lib\libc.a(lib_a-memset.o)
 .debug_info    0x0000000000004afd      0xc6b k:/intelfpga/18.1/nios2eds/bin/gnu/h-x86_64-mingw32/bin/../lib/gcc/nios2-elf/5.3.0/../../../../../H-x86_64-mingw32/nios2-elf/lib\libc.a(lib_a-reallocr.o)
 .debug_info    0x0000000000005768      0x900 k:/intelfpga/18.1/nios2eds/bin/gnu/h-x86_64-mingw32/bin/../lib/gcc/nios2-elf/5.3.0/../../../../../H-x86_64-mingw32/nios2-elf/lib\libc.a(lib_a-sbrkr.o)
 .debug_info    0x0000000000006068      0xb32 k:/intelfpga/18.1/nios2eds/bin/gnu/h-x86_64-mingw32/bin/../lib/gcc/nios2-elf/5.3.0/../../../../../H-x86_64-mingw32/nios2-elf/lib\libc.a(lib_a-stdio.o)
 .debug_info    0x0000000000006b9a      0x928 k:/intelfpga/18.1/nios2eds/bin/gnu/h-x86_64-mingw32/bin/../lib/gcc/nios2-elf/5.3.0/../../../../../H-x86_64-mingw32/nios2-elf/lib\libc.a(lib_a-writer.o)
 .debug_info    0x00000000000074c2      0x936 k:/intelfpga/18.1/nios2eds/bin/gnu/h-x86_64-mingw32/bin/../lib/gcc/nios2-elf/5.3.0/../../../../../H-x86_64-mingw32/nios2-elf/lib\libc.a(lib_a-wsetup.o)
 .debug_info    0x0000000000007df8      0x8df k:/intelfpga/18.1/nios2eds/bin/gnu/h-x86_64-mingw32/bin/../lib/gcc/nios2-elf/5.3.0/../../../../../H-x86_64-mingw32/nios2-elf/lib\libc.a(closer.o)
 .debug_info    0x00000000000086d7      0xa23 k:/intelfpga/18.1/nios2eds/bin/gnu/h-x86_64-mingw32/bin/../lib/gcc/nios2-elf/5.3.0/../../../../../H-x86_64-mingw32/nios2-elf/lib\libc.a(lib_a-fclose.o)
 .debug_info    0x00000000000090fa      0xa93 k:/intelfpga/18.1/nios2eds/bin/gnu/h-x86_64-mingw32/bin/../lib/gcc/nios2-elf/5.3.0/../../../../../H-x86_64-mingw32/nios2-elf/lib\libc.a(lib_a-fflush.o)
 .debug_info    0x0000000000009b8d      0xbf7 k:/intelfpga/18.1/nios2eds/bin/gnu/h-x86_64-mingw32/bin/../lib/gcc/nios2-elf/5.3.0/../../../../../H-x86_64-mingw32/nios2-elf/lib\libc.a(lib_a-freer.o)